<?xml version="1.0"?>
<link_info>
   <banner>MSP430 Linker PC v4.4.1</banner>
   <copyright>Copyright (c) 2003-2014 Texas Instruments Incorporated</copyright>
   <link_time>0x56fa47e8</link_time>
   <link_errors>0x0</link_errors>
   <output_file>MSP430F5529_Uscib1_SPI.out</output_file>
   <entry_point>
      <name>_c_int00_noargs</name>
      <address>0x4400</address>
   </entry_point>
   <input_file_list>
      <input_file id="fl-2">
         <path>.\</path>
         <kind>object</kind>
         <file>MX25_APP.obj</file>
         <name>MX25_APP.obj</name>
      </input_file>
      <input_file id="fl-3">
         <path>.\</path>
         <kind>object</kind>
         <file>MX25_CMD.obj</file>
         <name>MX25_CMD.obj</name>
      </input_file>
      <input_file id="fl-4">
         <path>.\</path>
         <kind>object</kind>
         <file>SST25VF.obj</file>
         <name>SST25VF.obj</name>
      </input_file>
      <input_file id="fl-5">
         <path>.\</path>
         <kind>object</kind>
         <file>spi.obj</file>
         <name>spi.obj</name>
      </input_file>
      <input_file id="fl-35">
         <path>c:\ti\ccsv6\tools\compiler\ti-cgt-msp430_4.4.1\lib\</path>
         <kind>archive</kind>
         <file>rts430x_lc_rd_eabi.lib</file>
         <name>boot.obj</name>
      </input_file>
      <input_file id="fl-36">
         <path>c:\ti\ccsv6\tools\compiler\ti-cgt-msp430_4.4.1\lib\</path>
         <kind>archive</kind>
         <file>rts430x_lc_rd_eabi.lib</file>
         <name>boot_special.obj</name>
      </input_file>
      <input_file id="fl-37">
         <path>c:\ti\ccsv6\tools\compiler\ti-cgt-msp430_4.4.1\lib\</path>
         <kind>archive</kind>
         <file>rts430x_lc_rd_eabi.lib</file>
         <name>copy_decompress_none.obj</name>
      </input_file>
      <input_file id="fl-38">
         <path>c:\ti\ccsv6\tools\compiler\ti-cgt-msp430_4.4.1\lib\</path>
         <kind>archive</kind>
         <file>rts430x_lc_rd_eabi.lib</file>
         <name>copy_decompress_rle.obj</name>
      </input_file>
      <input_file id="fl-39">
         <path>c:\ti\ccsv6\tools\compiler\ti-cgt-msp430_4.4.1\lib\</path>
         <kind>archive</kind>
         <file>rts430x_lc_rd_eabi.lib</file>
         <name>copy_zero_init.obj</name>
      </input_file>
      <input_file id="fl-3a">
         <path>c:\ti\ccsv6\tools\compiler\ti-cgt-msp430_4.4.1\lib\</path>
         <kind>archive</kind>
         <file>rts430x_lc_rd_eabi.lib</file>
         <name>exit.obj</name>
      </input_file>
      <input_file id="fl-3b">
         <path>c:\ti\ccsv6\tools\compiler\ti-cgt-msp430_4.4.1\lib\</path>
         <kind>archive</kind>
         <file>rts430x_lc_rd_eabi.lib</file>
         <name>int41.obj</name>
      </input_file>
      <input_file id="fl-3c">
         <path>c:\ti\ccsv6\tools\compiler\ti-cgt-msp430_4.4.1\lib\</path>
         <kind>archive</kind>
         <file>rts430x_lc_rd_eabi.lib</file>
         <name>int42.obj</name>
      </input_file>
      <input_file id="fl-3d">
         <path>c:\ti\ccsv6\tools\compiler\ti-cgt-msp430_4.4.1\lib\</path>
         <kind>archive</kind>
         <file>rts430x_lc_rd_eabi.lib</file>
         <name>int43.obj</name>
      </input_file>
      <input_file id="fl-3e">
         <path>c:\ti\ccsv6\tools\compiler\ti-cgt-msp430_4.4.1\lib\</path>
         <kind>archive</kind>
         <file>rts430x_lc_rd_eabi.lib</file>
         <name>int44.obj</name>
      </input_file>
      <input_file id="fl-3f">
         <path>c:\ti\ccsv6\tools\compiler\ti-cgt-msp430_4.4.1\lib\</path>
         <kind>archive</kind>
         <file>rts430x_lc_rd_eabi.lib</file>
         <name>int45.obj</name>
      </input_file>
      <input_file id="fl-40">
         <path>c:\ti\ccsv6\tools\compiler\ti-cgt-msp430_4.4.1\lib\</path>
         <kind>archive</kind>
         <file>rts430x_lc_rd_eabi.lib</file>
         <name>int46.obj</name>
      </input_file>
      <input_file id="fl-41">
         <path>c:\ti\ccsv6\tools\compiler\ti-cgt-msp430_4.4.1\lib\</path>
         <kind>archive</kind>
         <file>rts430x_lc_rd_eabi.lib</file>
         <name>int47.obj</name>
      </input_file>
      <input_file id="fl-42">
         <path>c:\ti\ccsv6\tools\compiler\ti-cgt-msp430_4.4.1\lib\</path>
         <kind>archive</kind>
         <file>rts430x_lc_rd_eabi.lib</file>
         <name>int48.obj</name>
      </input_file>
      <input_file id="fl-43">
         <path>c:\ti\ccsv6\tools\compiler\ti-cgt-msp430_4.4.1\lib\</path>
         <kind>archive</kind>
         <file>rts430x_lc_rd_eabi.lib</file>
         <name>int49.obj</name>
      </input_file>
      <input_file id="fl-44">
         <path>c:\ti\ccsv6\tools\compiler\ti-cgt-msp430_4.4.1\lib\</path>
         <kind>archive</kind>
         <file>rts430x_lc_rd_eabi.lib</file>
         <name>int50.obj</name>
      </input_file>
      <input_file id="fl-45">
         <path>c:\ti\ccsv6\tools\compiler\ti-cgt-msp430_4.4.1\lib\</path>
         <kind>archive</kind>
         <file>rts430x_lc_rd_eabi.lib</file>
         <name>int51.obj</name>
      </input_file>
      <input_file id="fl-46">
         <path>c:\ti\ccsv6\tools\compiler\ti-cgt-msp430_4.4.1\lib\</path>
         <kind>archive</kind>
         <file>rts430x_lc_rd_eabi.lib</file>
         <name>int52.obj</name>
      </input_file>
      <input_file id="fl-47">
         <path>c:\ti\ccsv6\tools\compiler\ti-cgt-msp430_4.4.1\lib\</path>
         <kind>archive</kind>
         <file>rts430x_lc_rd_eabi.lib</file>
         <name>int53.obj</name>
      </input_file>
      <input_file id="fl-48">
         <path>c:\ti\ccsv6\tools\compiler\ti-cgt-msp430_4.4.1\lib\</path>
         <kind>archive</kind>
         <file>rts430x_lc_rd_eabi.lib</file>
         <name>int54.obj</name>
      </input_file>
      <input_file id="fl-49">
         <path>c:\ti\ccsv6\tools\compiler\ti-cgt-msp430_4.4.1\lib\</path>
         <kind>archive</kind>
         <file>rts430x_lc_rd_eabi.lib</file>
         <name>int55.obj</name>
      </input_file>
      <input_file id="fl-4a">
         <path>c:\ti\ccsv6\tools\compiler\ti-cgt-msp430_4.4.1\lib\</path>
         <kind>archive</kind>
         <file>rts430x_lc_rd_eabi.lib</file>
         <name>int56.obj</name>
      </input_file>
      <input_file id="fl-4b">
         <path>c:\ti\ccsv6\tools\compiler\ti-cgt-msp430_4.4.1\lib\</path>
         <kind>archive</kind>
         <file>rts430x_lc_rd_eabi.lib</file>
         <name>int57.obj</name>
      </input_file>
      <input_file id="fl-4c">
         <path>c:\ti\ccsv6\tools\compiler\ti-cgt-msp430_4.4.1\lib\</path>
         <kind>archive</kind>
         <file>rts430x_lc_rd_eabi.lib</file>
         <name>int58.obj</name>
      </input_file>
      <input_file id="fl-4d">
         <path>c:\ti\ccsv6\tools\compiler\ti-cgt-msp430_4.4.1\lib\</path>
         <kind>archive</kind>
         <file>rts430x_lc_rd_eabi.lib</file>
         <name>int59.obj</name>
      </input_file>
      <input_file id="fl-4e">
         <path>c:\ti\ccsv6\tools\compiler\ti-cgt-msp430_4.4.1\lib\</path>
         <kind>archive</kind>
         <file>rts430x_lc_rd_eabi.lib</file>
         <name>int60.obj</name>
      </input_file>
      <input_file id="fl-4f">
         <path>c:\ti\ccsv6\tools\compiler\ti-cgt-msp430_4.4.1\lib\</path>
         <kind>archive</kind>
         <file>rts430x_lc_rd_eabi.lib</file>
         <name>int61.obj</name>
      </input_file>
      <input_file id="fl-50">
         <path>c:\ti\ccsv6\tools\compiler\ti-cgt-msp430_4.4.1\lib\</path>
         <kind>archive</kind>
         <file>rts430x_lc_rd_eabi.lib</file>
         <name>int62.obj</name>
      </input_file>
      <input_file id="fl-51">
         <path>c:\ti\ccsv6\tools\compiler\ti-cgt-msp430_4.4.1\lib\</path>
         <kind>archive</kind>
         <file>rts430x_lc_rd_eabi.lib</file>
         <name>isr_trap.obj</name>
      </input_file>
      <input_file id="fl-52">
         <path>c:\ti\ccsv6\tools\compiler\ti-cgt-msp430_4.4.1\lib\</path>
         <kind>archive</kind>
         <file>rts430x_lc_rd_eabi.lib</file>
         <name>_lock.obj</name>
      </input_file>
      <input_file id="fl-53">
         <path>c:\ti\ccsv6\tools\compiler\ti-cgt-msp430_4.4.1\lib\</path>
         <kind>archive</kind>
         <file>rts430x_lc_rd_eabi.lib</file>
         <name>lsl32.obj</name>
      </input_file>
      <input_file id="fl-54">
         <path>c:\ti\ccsv6\tools\compiler\ti-cgt-msp430_4.4.1\lib\</path>
         <kind>archive</kind>
         <file>rts430x_lc_rd_eabi.lib</file>
         <name>lsr32.obj</name>
      </input_file>
      <input_file id="fl-55">
         <path>c:\ti\ccsv6\tools\compiler\ti-cgt-msp430_4.4.1\lib\</path>
         <kind>archive</kind>
         <file>rts430x_lc_rd_eabi.lib</file>
         <name>memcpy.obj</name>
      </input_file>
      <input_file id="fl-56">
         <path>c:\ti\ccsv6\tools\compiler\ti-cgt-msp430_4.4.1\lib\</path>
         <kind>archive</kind>
         <file>rts430x_lc_rd_eabi.lib</file>
         <name>memset.obj</name>
      </input_file>
      <input_file id="fl-57">
         <path>c:\ti\ccsv6\tools\compiler\ti-cgt-msp430_4.4.1\lib\</path>
         <kind>archive</kind>
         <file>rts430x_lc_rd_eabi.lib</file>
         <name>mpu_init.obj</name>
      </input_file>
      <input_file id="fl-58">
         <path>c:\ti\ccsv6\tools\compiler\ti-cgt-msp430_4.4.1\lib\</path>
         <kind>archive</kind>
         <file>rts430x_lc_rd_eabi.lib</file>
         <name>pre_init.obj</name>
      </input_file>
      <input_file id="fl-59">
         <path>c:\ti\ccsv6\tools\compiler\ti-cgt-msp430_4.4.1\lib\</path>
         <kind>archive</kind>
         <file>rts430x_lc_rd_eabi.lib</file>
         <name>printf.obj</name>
      </input_file>
      <input_file id="fl-5a">
         <path>c:\ti\ccsv6\tools\compiler\ti-cgt-msp430_4.4.1\lib\</path>
         <kind>archive</kind>
         <file>rts430x_lc_rd_eabi.lib</file>
         <name>rand.obj</name>
      </input_file>
      <input_file id="fl-5b">
         <path>c:\ti\ccsv6\tools\compiler\ti-cgt-msp430_4.4.1\lib\</path>
         <kind>archive</kind>
         <file>rts430x_lc_rd_eabi.lib</file>
         <name>args_main.obj</name>
      </input_file>
      <input_file id="fl-5c">
         <path>c:\ti\ccsv6\tools\compiler\ti-cgt-msp430_4.4.1\lib\</path>
         <kind>archive</kind>
         <file>rts430x_lc_rd_eabi.lib</file>
         <name>autoinit_wdt.obj</name>
      </input_file>
      <input_file id="fl-5d">
         <path>c:\ti\ccsv6\tools\compiler\ti-cgt-msp430_4.4.1\lib\</path>
         <kind>archive</kind>
         <file>rts430x_lc_rd_eabi.lib</file>
         <name>defs.obj</name>
      </input_file>
      <input_file id="fl-5e">
         <path>c:\ti\ccsv6\tools\compiler\ti-cgt-msp430_4.4.1\lib\</path>
         <kind>archive</kind>
         <file>rts430x_lc_rd_eabi.lib</file>
         <name>fputc.obj</name>
      </input_file>
      <input_file id="fl-5f">
         <path>c:\ti\ccsv6\tools\compiler\ti-cgt-msp430_4.4.1\lib\</path>
         <kind>archive</kind>
         <file>rts430x_lc_rd_eabi.lib</file>
         <name>fputs.obj</name>
      </input_file>
      <input_file id="fl-60">
         <path>c:\ti\ccsv6\tools\compiler\ti-cgt-msp430_4.4.1\lib\</path>
         <kind>archive</kind>
         <file>rts430x_lc_rd_eabi.lib</file>
         <name>_io_perm.obj</name>
      </input_file>
      <input_file id="fl-61">
         <path>c:\ti\ccsv6\tools\compiler\ti-cgt-msp430_4.4.1\lib\</path>
         <kind>archive</kind>
         <file>rts430x_lc_rd_eabi.lib</file>
         <name>lowlev.obj</name>
      </input_file>
      <input_file id="fl-62">
         <path>c:\ti\ccsv6\tools\compiler\ti-cgt-msp430_4.4.1\lib\</path>
         <kind>archive</kind>
         <file>rts430x_lc_rd_eabi.lib</file>
         <name>memchr.obj</name>
      </input_file>
      <input_file id="fl-63">
         <path>c:\ti\ccsv6\tools\compiler\ti-cgt-msp430_4.4.1\lib\</path>
         <kind>archive</kind>
         <file>rts430x_lc_rd_eabi.lib</file>
         <name>mult16.obj</name>
      </input_file>
      <input_file id="fl-64">
         <path>c:\ti\ccsv6\tools\compiler\ti-cgt-msp430_4.4.1\lib\</path>
         <kind>archive</kind>
         <file>rts430x_lc_rd_eabi.lib</file>
         <name>mult32.obj</name>
      </input_file>
      <input_file id="fl-65">
         <path>c:\ti\ccsv6\tools\compiler\ti-cgt-msp430_4.4.1\lib\</path>
         <kind>archive</kind>
         <file>rts430x_lc_rd_eabi.lib</file>
         <name>_printfi.obj</name>
      </input_file>
      <input_file id="fl-66">
         <path>c:\ti\ccsv6\tools\compiler\ti-cgt-msp430_4.4.1\lib\</path>
         <kind>archive</kind>
         <file>rts430x_lc_rd_eabi.lib</file>
         <name>setvbuf.obj</name>
      </input_file>
      <input_file id="fl-67">
         <path>c:\ti\ccsv6\tools\compiler\ti-cgt-msp430_4.4.1\lib\</path>
         <kind>archive</kind>
         <file>rts430x_lc_rd_eabi.lib</file>
         <name>strchr.obj</name>
      </input_file>
      <input_file id="fl-68">
         <path>c:\ti\ccsv6\tools\compiler\ti-cgt-msp430_4.4.1\lib\</path>
         <kind>archive</kind>
         <file>rts430x_lc_rd_eabi.lib</file>
         <name>strcmp.obj</name>
      </input_file>
      <input_file id="fl-69">
         <path>c:\ti\ccsv6\tools\compiler\ti-cgt-msp430_4.4.1\lib\</path>
         <kind>archive</kind>
         <file>rts430x_lc_rd_eabi.lib</file>
         <name>strlen.obj</name>
      </input_file>
      <input_file id="fl-6a">
         <path>c:\ti\ccsv6\tools\compiler\ti-cgt-msp430_4.4.1\lib\</path>
         <kind>archive</kind>
         <file>rts430x_lc_rd_eabi.lib</file>
         <name>strncpy.obj</name>
      </input_file>
      <input_file id="fl-6b">
         <path>c:\ti\ccsv6\tools\compiler\ti-cgt-msp430_4.4.1\lib\</path>
         <kind>archive</kind>
         <file>rts430x_lc_rd_eabi.lib</file>
         <name>subd.obj</name>
      </input_file>
      <input_file id="fl-6c">
         <path>c:\ti\ccsv6\tools\compiler\ti-cgt-msp430_4.4.1\lib\</path>
         <kind>archive</kind>
         <file>rts430x_lc_rd_eabi.lib</file>
         <name>toupper.obj</name>
      </input_file>
      <input_file id="fl-6d">
         <path>c:\ti\ccsv6\tools\compiler\ti-cgt-msp430_4.4.1\lib\</path>
         <kind>archive</kind>
         <file>rts430x_lc_rd_eabi.lib</file>
         <name>trgdrv.obj</name>
      </input_file>
      <input_file id="fl-6e">
         <path>c:\ti\ccsv6\tools\compiler\ti-cgt-msp430_4.4.1\lib\</path>
         <kind>archive</kind>
         <file>rts430x_lc_rd_eabi.lib</file>
         <name>trgmsg.obj</name>
      </input_file>
      <input_file id="fl-6f">
         <path>c:\ti\ccsv6\tools\compiler\ti-cgt-msp430_4.4.1\lib\</path>
         <kind>archive</kind>
         <file>rts430x_lc_rd_eabi.lib</file>
         <name>xdclass.obj</name>
      </input_file>
      <input_file id="fl-70">
         <path>c:\ti\ccsv6\tools\compiler\ti-cgt-msp430_4.4.1\lib\</path>
         <kind>archive</kind>
         <file>rts430x_lc_rd_eabi.lib</file>
         <name>addd.obj</name>
      </input_file>
      <input_file id="fl-71">
         <path>c:\ti\ccsv6\tools\compiler\ti-cgt-msp430_4.4.1\lib\</path>
         <kind>archive</kind>
         <file>rts430x_lc_rd_eabi.lib</file>
         <name>atoi.obj</name>
      </input_file>
      <input_file id="fl-72">
         <path>c:\ti\ccsv6\tools\compiler\ti-cgt-msp430_4.4.1\lib\</path>
         <kind>archive</kind>
         <file>rts430x_lc_rd_eabi.lib</file>
         <name>cmpd.obj</name>
      </input_file>
      <input_file id="fl-73">
         <path>c:\ti\ccsv6\tools\compiler\ti-cgt-msp430_4.4.1\lib\</path>
         <kind>archive</kind>
         <file>rts430x_lc_rd_eabi.lib</file>
         <name>ctype.obj</name>
      </input_file>
      <input_file id="fl-74">
         <path>c:\ti\ccsv6\tools\compiler\ti-cgt-msp430_4.4.1\lib\</path>
         <kind>archive</kind>
         <file>rts430x_lc_rd_eabi.lib</file>
         <name>div16s.obj</name>
      </input_file>
      <input_file id="fl-75">
         <path>c:\ti\ccsv6\tools\compiler\ti-cgt-msp430_4.4.1\lib\</path>
         <kind>archive</kind>
         <file>rts430x_lc_rd_eabi.lib</file>
         <name>div16u.obj</name>
      </input_file>
      <input_file id="fl-76">
         <path>c:\ti\ccsv6\tools\compiler\ti-cgt-msp430_4.4.1\lib\</path>
         <kind>archive</kind>
         <file>rts430x_lc_rd_eabi.lib</file>
         <name>div32u.obj</name>
      </input_file>
      <input_file id="fl-77">
         <path>c:\ti\ccsv6\tools\compiler\ti-cgt-msp430_4.4.1\lib\</path>
         <kind>archive</kind>
         <file>rts430x_lc_rd_eabi.lib</file>
         <name>divd.obj</name>
      </input_file>
      <input_file id="fl-78">
         <path>c:\ti\ccsv6\tools\compiler\ti-cgt-msp430_4.4.1\lib\</path>
         <kind>archive</kind>
         <file>rts430x_lc_rd_eabi.lib</file>
         <name>fflush.obj</name>
      </input_file>
      <input_file id="fl-79">
         <path>c:\ti\ccsv6\tools\compiler\ti-cgt-msp430_4.4.1\lib\</path>
         <kind>archive</kind>
         <file>rts430x_lc_rd_eabi.lib</file>
         <name>fixdi.obj</name>
      </input_file>
      <input_file id="fl-7a">
         <path>c:\ti\ccsv6\tools\compiler\ti-cgt-msp430_4.4.1\lib\</path>
         <kind>archive</kind>
         <file>rts430x_lc_rd_eabi.lib</file>
         <name>fixdli.obj</name>
      </input_file>
      <input_file id="fl-7b">
         <path>c:\ti\ccsv6\tools\compiler\ti-cgt-msp430_4.4.1\lib\</path>
         <kind>archive</kind>
         <file>rts430x_lc_rd_eabi.lib</file>
         <name>fltid.obj</name>
      </input_file>
      <input_file id="fl-7c">
         <path>c:\ti\ccsv6\tools\compiler\ti-cgt-msp430_4.4.1\lib\</path>
         <kind>archive</kind>
         <file>rts430x_lc_rd_eabi.lib</file>
         <name>fltlid.obj</name>
      </input_file>
      <input_file id="fl-7d">
         <path>c:\ti\ccsv6\tools\compiler\ti-cgt-msp430_4.4.1\lib\</path>
         <kind>archive</kind>
         <file>rts430x_lc_rd_eabi.lib</file>
         <name>fopen.obj</name>
      </input_file>
      <input_file id="fl-7e">
         <path>c:\ti\ccsv6\tools\compiler\ti-cgt-msp430_4.4.1\lib\</path>
         <kind>archive</kind>
         <file>rts430x_lc_rd_eabi.lib</file>
         <name>frcaddd.obj</name>
      </input_file>
      <input_file id="fl-7f">
         <path>c:\ti\ccsv6\tools\compiler\ti-cgt-msp430_4.4.1\lib\</path>
         <kind>archive</kind>
         <file>rts430x_lc_rd_eabi.lib</file>
         <name>frcdivd.obj</name>
      </input_file>
      <input_file id="fl-80">
         <path>c:\ti\ccsv6\tools\compiler\ti-cgt-msp430_4.4.1\lib\</path>
         <kind>archive</kind>
         <file>rts430x_lc_rd_eabi.lib</file>
         <name>frexp.obj</name>
      </input_file>
      <input_file id="fl-81">
         <path>c:\ti\ccsv6\tools\compiler\ti-cgt-msp430_4.4.1\lib\</path>
         <kind>archive</kind>
         <file>rts430x_lc_rd_eabi.lib</file>
         <name>fseek.obj</name>
      </input_file>
      <input_file id="fl-82">
         <path>c:\ti\ccsv6\tools\compiler\ti-cgt-msp430_4.4.1\lib\</path>
         <kind>archive</kind>
         <file>rts430x_lc_rd_eabi.lib</file>
         <name>ldexp.obj</name>
      </input_file>
      <input_file id="fl-83">
         <path>c:\ti\ccsv6\tools\compiler\ti-cgt-msp430_4.4.1\lib\</path>
         <kind>archive</kind>
         <file>rts430x_lc_rd_eabi.lib</file>
         <name>llmath.obj</name>
      </input_file>
      <input_file id="fl-84">
         <path>c:\ti\ccsv6\tools\compiler\ti-cgt-msp430_4.4.1\lib\</path>
         <kind>archive</kind>
         <file>rts430x_lc_rd_eabi.lib</file>
         <name>ltoa.obj</name>
      </input_file>
      <input_file id="fl-85">
         <path>c:\ti\ccsv6\tools\compiler\ti-cgt-msp430_4.4.1\lib\</path>
         <kind>archive</kind>
         <file>rts430x_lc_rd_eabi.lib</file>
         <name>memccpy.obj</name>
      </input_file>
      <input_file id="fl-86">
         <path>c:\ti\ccsv6\tools\compiler\ti-cgt-msp430_4.4.1\lib\</path>
         <kind>archive</kind>
         <file>rts430x_lc_rd_eabi.lib</file>
         <name>memory.obj</name>
      </input_file>
      <input_file id="fl-87">
         <path>c:\ti\ccsv6\tools\compiler\ti-cgt-msp430_4.4.1\lib\</path>
         <kind>archive</kind>
         <file>rts430x_lc_rd_eabi.lib</file>
         <name>mpyd.obj</name>
      </input_file>
      <input_file id="fl-88">
         <path>c:\ti\ccsv6\tools\compiler\ti-cgt-msp430_4.4.1\lib\</path>
         <kind>archive</kind>
         <file>rts430x_lc_rd_eabi.lib</file>
         <name>mult64.obj</name>
      </input_file>
      <input_file id="fl-89">
         <path>c:\ti\ccsv6\tools\compiler\ti-cgt-msp430_4.4.1\lib\</path>
         <kind>archive</kind>
         <file>rts430x_lc_rd_eabi.lib</file>
         <name>negd.obj</name>
      </input_file>
      <input_file id="fl-8a">
         <path>c:\ti\ccsv6\tools\compiler\ti-cgt-msp430_4.4.1\lib\</path>
         <kind>archive</kind>
         <file>rts430x_lc_rd_eabi.lib</file>
         <name>renormd.obj</name>
      </input_file>
      <input_file id="fl-8b">
         <path>c:\ti\ccsv6\tools\compiler\ti-cgt-msp430_4.4.1\lib\</path>
         <kind>archive</kind>
         <file>rts430x_lc_rd_eabi.lib</file>
         <name>strcpy.obj</name>
      </input_file>
      <input_file id="fl-8c">
         <path>c:\ti\ccsv6\tools\compiler\ti-cgt-msp430_4.4.1\lib\</path>
         <kind>archive</kind>
         <file>rts430x_lc_rd_eabi.lib</file>
         <name>xdscale.obj</name>
      </input_file>
      <input_file id="fl-8d">
         <path>c:\ti\ccsv6\tools\compiler\ti-cgt-msp430_4.4.1\lib\</path>
         <kind>archive</kind>
         <file>rts430x_lc_rd_eabi.lib</file>
         <name>xdunscal.obj</name>
      </input_file>
      <input_file id="fl-8e">
         <path>c:\ti\ccsv6\tools\compiler\ti-cgt-msp430_4.4.1\lib\</path>
         <kind>archive</kind>
         <file>rts430x_lc_rd_eabi.lib</file>
         <name>xferaise.obj</name>
      </input_file>
      <input_file id="fl-8f">
         <path>c:\ti\ccsv6\tools\compiler\ti-cgt-msp430_4.4.1\lib\</path>
         <kind>archive</kind>
         <file>rts430x_lc_rd_eabi.lib</file>
         <name>xvalues.obj</name>
      </input_file>
      <input_file id="fl-90">
         <path>c:\ti\ccsv6\tools\compiler\ti-cgt-msp430_4.4.1\lib\</path>
         <kind>archive</kind>
         <file>rts430x_lc_rd_eabi.lib</file>
         <name>abs.obj</name>
      </input_file>
      <input_file id="fl-91">
         <path>c:\ti\ccsv6\tools\compiler\ti-cgt-msp430_4.4.1\lib\</path>
         <kind>archive</kind>
         <file>rts430x_lc_rd_eabi.lib</file>
         <name>asr32.obj</name>
      </input_file>
      <input_file id="fl-92">
         <path>c:\ti\ccsv6\tools\compiler\ti-cgt-msp430_4.4.1\lib\</path>
         <kind>archive</kind>
         <file>rts430x_lc_rd_eabi.lib</file>
         <name>div32s.obj</name>
      </input_file>
      <input_file id="fl-93">
         <path>c:\ti\ccsv6\tools\compiler\ti-cgt-msp430_4.4.1\lib\</path>
         <kind>archive</kind>
         <file>rts430x_lc_rd_eabi.lib</file>
         <name>errno.obj</name>
      </input_file>
      <input_file id="fl-94">
         <path>c:\ti\ccsv6\tools\compiler\ti-cgt-msp430_4.4.1\lib\</path>
         <kind>archive</kind>
         <file>rts430x_lc_rd_eabi.lib</file>
         <name>fclose.obj</name>
      </input_file>
      <input_file id="fl-95">
         <path>c:\ti\ccsv6\tools\compiler\ti-cgt-msp430_4.4.1\lib\</path>
         <kind>archive</kind>
         <file>rts430x_lc_rd_eabi.lib</file>
         <name>feraiseexcept.obj</name>
      </input_file>
      <input_file id="fl-96">
         <path>c:\ti\ccsv6\tools\compiler\ti-cgt-msp430_4.4.1\lib\</path>
         <kind>archive</kind>
         <file>rts430x_lc_rd_eabi.lib</file>
         <name>frcmpyd.obj</name>
      </input_file>
      <input_file id="fl-97">
         <path>c:\ti\ccsv6\tools\compiler\ti-cgt-msp430_4.4.1\lib\</path>
         <kind>archive</kind>
         <file>rts430x_lc_rd_eabi.lib</file>
         <name>llabs.obj</name>
      </input_file>
      <input_file id="fl-98">
         <path>c:\ti\ccsv6\tools\compiler\ti-cgt-msp430_4.4.1\lib\</path>
         <kind>archive</kind>
         <file>rts430x_lc_rd_eabi.lib</file>
         <name>lsl16.obj</name>
      </input_file>
      <input_file id="fl-99">
         <path>c:\ti\ccsv6\tools\compiler\ti-cgt-msp430_4.4.1\lib\</path>
         <kind>archive</kind>
         <file>rts430x_lc_rd_eabi.lib</file>
         <name>lsr16.obj</name>
      </input_file>
      <input_file id="fl-9a">
         <path>c:\ti\ccsv6\tools\compiler\ti-cgt-msp430_4.4.1\lib\</path>
         <kind>archive</kind>
         <file>rts430x_lc_rd_eabi.lib</file>
         <name>mult1632.obj</name>
      </input_file>
      <input_file id="fl-9b">
         <path>c:\ti\ccsv6\tools\compiler\ti-cgt-msp430_4.4.1\lib\</path>
         <kind>archive</kind>
         <file>rts430x_lc_rd_eabi.lib</file>
         <name>raise.obj</name>
      </input_file>
      <input_file id="fl-9c">
         <path>c:\ti\ccsv6\tools\compiler\ti-cgt-msp430_4.4.1\lib\</path>
         <kind>archive</kind>
         <file>rts430x_lc_rd_eabi.lib</file>
         <name>remove.obj</name>
      </input_file>
      <input_file id="fl-9d">
         <path>c:\ti\ccsv6\tools\compiler\ti-cgt-msp430_4.4.1\lib\</path>
         <kind>archive</kind>
         <file>rts430x_lc_rd_eabi.lib</file>
         <name>signal.obj</name>
      </input_file>
      <input_file id="fl-9e">
         <path>c:\ti\ccsv6\tools\compiler\ti-cgt-msp430_4.4.1\lib\</path>
         <kind>archive</kind>
         <file>rts430x_lc_rd_eabi.lib</file>
         <name>xdnorm.obj</name>
      </input_file>
   </input_file_list>
   <object_component_list>
      <object_component id="oc-202">
         <name>.common:CurrentDevice</name>
         <uninitialized>true</uninitialized>
         <run_address>0x2a83</run_address>
         <size>0x1</size>
      </object_component>
      <object_component id="oc-208">
         <name>.common:CE_Mask</name>
         <uninitialized>true</uninitialized>
         <run_address>0x2a82</run_address>
         <size>0x1</size>
      </object_component>
      <object_component id="oc-522">
         <name>.common:__TI_tmpnams</name>
         <uninitialized>true</uninitialized>
         <run_address>0x29d0</run_address>
         <size>0xa0</size>
      </object_component>
      <object_component id="oc-52d">
         <name>.common:parmbuf</name>
         <uninitialized>true</uninitialized>
         <run_address>0x2a70</run_address>
         <size>0x8</size>
      </object_component>
      <object_component id="oc-460">
         <name>.common:sys_free</name>
         <uninitialized>true</uninitialized>
         <run_address>0x2a7c</run_address>
         <size>0x4</size>
      </object_component>
      <object_component id="oc-51a">
         <name>.common:sys_base</name>
         <uninitialized>true</uninitialized>
         <run_address>0x2a78</run_address>
         <size>0x4</size>
      </object_component>
      <object_component id="oc-519">
         <name>.common:memsize</name>
         <uninitialized>true</uninitialized>
         <run_address>0x2a80</run_address>
         <size>0x2</size>
      </object_component>
      <object_component id="oc-d3">
         <name>.sysmem</name>
         <uninitialized>true</uninitialized>
         <run_address>0x26d0</run_address>
         <size>0x6</size>
         <input_file_ref idref="fl-86"/>
      </object_component>
      <object_component id="oc-6e0">
         <name>.sysmem</name>
         <uninitialized>true</uninitialized>
         <run_address>0x26d0</run_address>
         <size>0x0</size>
      </object_component>
      <object_component id="oc-cf">
         <name>.stack</name>
         <uninitialized>true</uninitialized>
         <run_address>0x4220</run_address>
         <size>0x4</size>
         <input_file_ref idref="fl-35"/>
      </object_component>
      <object_component id="oc-6df">
         <name>.stack</name>
         <uninitialized>true</uninitialized>
         <run_address>0x4220</run_address>
         <size>0x0</size>
      </object_component>
      <object_component id="oc-4ec">
         <name>.text:__TI_frcdivd</name>
         <load_address>0x10000</load_address>
         <run_address>0x10000</run_address>
         <size>0x452</size>
         <input_file_ref idref="fl-7f"/>
      </object_component>
      <object_component id="oc-4b6">
         <name>.text:__mspabi_divull</name>
         <load_address>0x10452</load_address>
         <run_address>0x10452</run_address>
         <size>0x39a</size>
         <input_file_ref idref="fl-83"/>
      </object_component>
      <object_component id="oc-4e4">
         <name>.text:__TI_frcmpyd</name>
         <load_address>0x107ec</load_address>
         <run_address>0x107ec</run_address>
         <size>0x2e4</size>
         <input_file_ref idref="fl-96"/>
      </object_component>
      <object_component id="oc-568">
         <name>.text:__mspabi_addd</name>
         <load_address>0x10ad0</load_address>
         <run_address>0x10ad0</run_address>
         <size>0x2d8</size>
         <input_file_ref idref="fl-70"/>
      </object_component>
      <object_component id="oc-43a">
         <name>.text:__mspabi_mpyd</name>
         <load_address>0x10da8</load_address>
         <run_address>0x10da8</run_address>
         <size>0x282</size>
         <input_file_ref idref="fl-87"/>
      </object_component>
      <object_component id="oc-2f8">
         <name>.text:_setfield</name>
         <load_address>0x1102a</load_address>
         <run_address>0x1102a</run_address>
         <size>0x262</size>
         <input_file_ref idref="fl-65"/>
      </object_component>
      <object_component id="oc-5c2">
         <name>.text:__TI_frcaddd</name>
         <load_address>0x1128c</load_address>
         <run_address>0x1128c</run_address>
         <size>0x252</size>
         <input_file_ref idref="fl-7e"/>
      </object_component>
      <object_component id="oc-440">
         <name>.text:__mspabi_divd</name>
         <load_address>0x114de</load_address>
         <run_address>0x114de</run_address>
         <size>0x222</size>
         <input_file_ref idref="fl-77"/>
      </object_component>
      <object_component id="oc-349">
         <name>.text:_pproc_fgea</name>
         <load_address>0x11700</load_address>
         <run_address>0x11700</run_address>
         <size>0x218</size>
         <input_file_ref idref="fl-65"/>
      </object_component>
      <object_component id="oc-41a">
         <name>.text:ecvt</name>
         <load_address>0x11918</load_address>
         <run_address>0x11918</run_address>
         <size>0x218</size>
         <input_file_ref idref="fl-65"/>
      </object_component>
      <object_component id="oc-44d">
         <name>.text:acvt</name>
         <load_address>0x11b30</load_address>
         <run_address>0x11b30</run_address>
         <size>0x212</size>
         <input_file_ref idref="fl-65"/>
      </object_component>
      <object_component id="oc-2a6">
         <name>.text:__TI_printfi</name>
         <load_address>0x11d42</load_address>
         <run_address>0x11d42</run_address>
         <size>0x202</size>
         <input_file_ref idref="fl-65"/>
      </object_component>
      <object_component id="oc-42d">
         <name>.text:fcvt</name>
         <load_address>0x11f44</load_address>
         <run_address>0x11f44</run_address>
         <size>0x202</size>
         <input_file_ref idref="fl-65"/>
      </object_component>
      <object_component id="oc-3b5">
         <name>.text:_pconv_e</name>
         <load_address>0x12146</load_address>
         <run_address>0x12146</run_address>
         <size>0x1a4</size>
         <input_file_ref idref="fl-65"/>
      </object_component>
      <object_component id="oc-58b">
         <name>.text:_Dscale</name>
         <load_address>0x122ea</load_address>
         <run_address>0x122ea</run_address>
         <size>0x19e</size>
         <input_file_ref idref="fl-8c"/>
      </object_component>
      <object_component id="oc-38a">
         <name>.text:_getarg_diouxp</name>
         <load_address>0x12488</load_address>
         <run_address>0x12488</run_address>
         <size>0x188</size>
         <input_file_ref idref="fl-65"/>
      </object_component>
      <object_component id="oc-3bb">
         <name>.text:_pconv_a</name>
         <load_address>0x12610</load_address>
         <run_address>0x12610</run_address>
         <size>0x16e</size>
         <input_file_ref idref="fl-65"/>
      </object_component>
      <object_component id="oc-343">
         <name>.text:_pproc_diouxp</name>
         <load_address>0x1277e</load_address>
         <run_address>0x1277e</run_address>
         <size>0x148</size>
         <input_file_ref idref="fl-65"/>
      </object_component>
      <object_component id="oc-581">
         <name>.text:_Dnorm</name>
         <load_address>0x128c6</load_address>
         <run_address>0x128c6</run_address>
         <size>0x100</size>
         <input_file_ref idref="fl-9e"/>
      </object_component>
      <object_component id="oc-174">
         <name>.text:FlashReadWrite_Test</name>
         <load_address>0x129c6</load_address>
         <run_address>0x129c6</run_address>
         <size>0xfe</size>
         <input_file_ref idref="fl-2"/>
      </object_component>
      <object_component id="oc-3a9">
         <name>.text:_pconv_g</name>
         <load_address>0x12ac4</load_address>
         <run_address>0x12ac4</run_address>
         <size>0xfc</size>
         <input_file_ref idref="fl-65"/>
      </object_component>
      <object_component id="oc-2f2">
         <name>.text:_pproc_fwp</name>
         <load_address>0x12bc0</load_address>
         <run_address>0x12bc0</run_address>
         <size>0xfa</size>
         <input_file_ref idref="fl-65"/>
      </object_component>
      <object_component id="oc-2d8">
         <name>.text:fputs</name>
         <load_address>0x12cba</load_address>
         <run_address>0x12cba</run_address>
         <size>0xf0</size>
         <input_file_ref idref="fl-5f"/>
      </object_component>
      <object_component id="oc-369">
         <name>.text:setvbuf</name>
         <load_address>0x12daa</load_address>
         <run_address>0x12daa</run_address>
         <size>0xe0</size>
         <input_file_ref idref="fl-66"/>
      </object_component>
      <object_component id="oc-3c1">
         <name>.text:__mspabi_cmpd</name>
         <load_address>0x12e8a</load_address>
         <run_address>0x12e8a</run_address>
         <size>0xd8</size>
         <input_file_ref idref="fl-72"/>
      </object_component>
      <object_component id="oc-3dd">
         <name>.text:malloc</name>
         <load_address>0x12f62</load_address>
         <run_address>0x12f62</run_address>
         <size>0xba</size>
         <input_file_ref idref="fl-86"/>
      </object_component>
      <object_component id="oc-617">
         <name>.text:__TI_renormd</name>
         <load_address>0x1301c</load_address>
         <run_address>0x1301c</run_address>
         <size>0xb2</size>
         <input_file_ref idref="fl-8a"/>
      </object_component>
      <object_component id="oc-2fe">
         <name>.text:_pproc_str</name>
         <load_address>0x130ce</load_address>
         <run_address>0x130ce</run_address>
         <size>0xa8</size>
         <input_file_ref idref="fl-65"/>
      </object_component>
      <object_component id="oc-1ea">
         <name>.text:CMD_PP</name>
         <load_address>0x13176</load_address>
         <run_address>0x13176</run_address>
         <size>0x9e</size>
         <input_file_ref idref="fl-3"/>
      </object_component>
      <object_component id="oc-490">
         <name>.text:HOSTlseek</name>
         <load_address>0x13214</load_address>
         <run_address>0x13214</run_address>
         <size>0x9e</size>
         <input_file_ref idref="fl-6d"/>
      </object_component>
      <object_component id="oc-390">
         <name>.text:_ltostr</name>
         <load_address>0x132b2</load_address>
         <run_address>0x132b2</run_address>
         <size>0x9e</size>
         <input_file_ref idref="fl-65"/>
      </object_component>
      <object_component id="oc-16e">
         <name>.text:FlashID_Test</name>
         <load_address>0x13350</load_address>
         <run_address>0x13350</run_address>
         <size>0x9c</size>
         <input_file_ref idref="fl-2"/>
      </object_component>
      <object_component id="oc-4c7">
         <name>.text:__mspabi_fltlid</name>
         <load_address>0x133ec</load_address>
         <run_address>0x133ec</run_address>
         <size>0x94</size>
         <input_file_ref idref="fl-7c"/>
      </object_component>
      <object_component id="oc-420">
         <name>.text:_ecpy</name>
         <load_address>0x13480</load_address>
         <run_address>0x13480</run_address>
         <size>0x94</size>
         <input_file_ref idref="fl-65"/>
      </object_component>
      <object_component id="oc-426">
         <name>.text:_mcpy</name>
         <load_address>0x13514</load_address>
         <run_address>0x13514</run_address>
         <size>0x90</size>
         <input_file_ref idref="fl-65"/>
      </object_component>
      <object_component id="oc-2df">
         <name>.text:fputc</name>
         <load_address>0x135a4</load_address>
         <run_address>0x135a4</run_address>
         <size>0x90</size>
         <input_file_ref idref="fl-5e"/>
      </object_component>
      <object_component id="oc-3d7">
         <name>.text:free</name>
         <load_address>0x13634</load_address>
         <run_address>0x13634</run_address>
         <size>0x8e</size>
         <input_file_ref idref="fl-86"/>
      </object_component>
      <object_component id="oc-40e">
         <name>.text:_div</name>
         <load_address>0x136c2</load_address>
         <run_address>0x136c2</run_address>
         <size>0x88</size>
         <input_file_ref idref="fl-65"/>
      </object_component>
      <object_component id="oc-4fc">
         <name>.text:ldexp</name>
         <load_address>0x1374a</load_address>
         <run_address>0x1374a</run_address>
         <size>0x86</size>
         <input_file_ref idref="fl-82"/>
      </object_component>
      <object_component id="oc-4c1">
         <name>.text:ltoa</name>
         <load_address>0x137d0</load_address>
         <run_address>0x137d0</run_address>
         <size>0x80</size>
         <input_file_ref idref="fl-84"/>
      </object_component>
      <object_component id="oc-1f0">
         <name>.text:CMD_READ</name>
         <load_address>0x13850</load_address>
         <run_address>0x13850</run_address>
         <size>0x7e</size>
         <input_file_ref idref="fl-3"/>
      </object_component>
      <object_component id="oc-31c">
         <name>.text:__TI_wrt_ok</name>
         <load_address>0x138ce</load_address>
         <run_address>0x138ce</run_address>
         <size>0x7e</size>
         <input_file_ref idref="fl-60"/>
      </object_component>
      <object_component id="oc-1b5">
         <name>.text:CMD_RDID</name>
         <load_address>0x1394c</load_address>
         <run_address>0x1394c</run_address>
         <size>0x7a</size>
         <input_file_ref idref="fl-3"/>
      </object_component>
      <object_component id="oc-3af">
         <name>.text:_pconv_f</name>
         <load_address>0x139c6</load_address>
         <run_address>0x139c6</run_address>
         <size>0x78</size>
         <input_file_ref idref="fl-65"/>
      </object_component>
      <object_component id="oc-49c">
         <name>.text:HOSTrename</name>
         <load_address>0x13a3e</load_address>
         <run_address>0x13a3e</run_address>
         <size>0x74</size>
         <input_file_ref idref="fl-6d"/>
      </object_component>
      <object_component id="oc-4f4">
         <name>.text:_Dunscale</name>
         <load_address>0x13ab2</load_address>
         <run_address>0x13ab2</run_address>
         <size>0x72</size>
         <input_file_ref idref="fl-8d"/>
      </object_component>
      <object_component id="oc-46c">
         <name>.text:__TI_closefile</name>
         <load_address>0x13b24</load_address>
         <run_address>0x13b24</run_address>
         <size>0x70</size>
         <input_file_ref idref="fl-94"/>
      </object_component>
      <object_component id="oc-1c1">
         <name>.text:CMD_REMS</name>
         <load_address>0x13b94</load_address>
         <run_address>0x13b94</run_address>
         <size>0x6e</size>
         <input_file_ref idref="fl-3"/>
      </object_component>
      <object_component id="oc-478">
         <name>.text:HOSTopen</name>
         <load_address>0x13c02</load_address>
         <run_address>0x13c02</run_address>
         <size>0x6e</size>
         <input_file_ref idref="fl-6d"/>
      </object_component>
      <object_component id="oc-1e4">
         <name>.text:CMD_SE</name>
         <load_address>0x13c70</load_address>
         <run_address>0x13c70</run_address>
         <size>0x6c</size>
         <input_file_ref idref="fl-3"/>
      </object_component>
      <object_component id="oc-48a">
         <name>.text:HOSTwrite</name>
         <load_address>0x13cdc</load_address>
         <run_address>0x13cdc</run_address>
         <size>0x6a</size>
         <input_file_ref idref="fl-6d"/>
      </object_component>
      <object_component id="oc-363">
         <name>.text:fseek</name>
         <load_address>0x13d46</load_address>
         <run_address>0x13d46</run_address>
         <size>0x6a</size>
         <input_file_ref idref="fl-81"/>
      </object_component>
      <object_component id="oc-484">
         <name>.text:HOSTread</name>
         <load_address>0x13db0</load_address>
         <run_address>0x13db0</run_address>
         <size>0x68</size>
         <input_file_ref idref="fl-6d"/>
      </object_component>
      <object_component id="oc-e3">
         <name>.text:__TI_decompress_rle_core</name>
         <load_address>0x13e18</load_address>
         <run_address>0x13e18</run_address>
         <size>0x68</size>
         <input_file_ref idref="fl-38"/>
      </object_component>
      <object_component id="oc-4d9">
         <name>.text:__mspabi_fixdli</name>
         <load_address>0x13e80</load_address>
         <run_address>0x13e80</run_address>
         <size>0x66</size>
         <input_file_ref idref="fl-7a"/>
      </object_component>
      <object_component id="oc-328">
         <name>.text:__TI_doflush</name>
         <load_address>0x13ee6</load_address>
         <run_address>0x13ee6</run_address>
         <size>0x64</size>
         <input_file_ref idref="fl-78"/>
      </object_component>
      <object_component id="oc-102">
         <name>.text:_auto_init_hold_wdt</name>
         <load_address>0x13f4a</load_address>
         <run_address>0x13f4a</run_address>
         <size>0x64</size>
         <input_file_ref idref="fl-5c"/>
      </object_component>
      <object_component id="oc-33b">
         <name>.text:atoi</name>
         <load_address>0x13fae</load_address>
         <run_address>0x13fae</run_address>
         <size>0x62</size>
         <input_file_ref idref="fl-71"/>
      </object_component>
      <object_component id="oc-1ab">
         <name>.text:sst25vf_Init</name>
         <load_address>0x14010</load_address>
         <run_address>0x14010</run_address>
         <size>0x5c</size>
         <input_file_ref idref="fl-4"/>
      </object_component>
      <object_component id="oc-51c">
         <name>.text:close</name>
         <load_address>0x1406c</load_address>
         <run_address>0x1406c</run_address>
         <size>0x5a</size>
         <input_file_ref idref="fl-61"/>
      </object_component>
      <object_component id="oc-5a4">
         <name>.text:getdevice</name>
         <load_address>0x140c6</load_address>
         <run_address>0x140c6</run_address>
         <size>0x5a</size>
         <input_file_ref idref="fl-61"/>
      </object_component>
      <object_component id="oc-4b1">
         <name>.text</name>
         <load_address>0x14120</load_address>
         <run_address>0x14120</run_address>
         <size>0x58</size>
         <input_file_ref idref="fl-76"/>
      </object_component>
      <object_component id="oc-39d">
         <name>.text:_Dclass</name>
         <load_address>0x14178</load_address>
         <run_address>0x14178</run_address>
         <size>0x50</size>
         <input_file_ref idref="fl-6f"/>
      </object_component>
      <object_component id="oc-433">
         <name>.text:_fcpy</name>
         <load_address>0x141c8</load_address>
         <run_address>0x141c8</run_address>
         <size>0x4e</size>
         <input_file_ref idref="fl-65"/>
      </object_component>
      <object_component id="oc-47e">
         <name>.text:HOSTclose</name>
         <load_address>0x14216</load_address>
         <run_address>0x14216</run_address>
         <size>0x4c</size>
         <input_file_ref idref="fl-6d"/>
      </object_component>
      <object_component id="oc-228">
         <name>.text:printf</name>
         <load_address>0x14262</load_address>
         <run_address>0x14262</run_address>
         <size>0x4a</size>
         <input_file_ref idref="fl-59"/>
      </object_component>
      <object_component id="oc-1bb">
         <name>.text:CMD_RES</name>
         <load_address>0x142ac</load_address>
         <run_address>0x142ac</run_address>
         <size>0x48</size>
         <input_file_ref idref="fl-3"/>
      </object_component>
      <object_component id="oc-496">
         <name>.text:HOSTunlink</name>
         <load_address>0x142f4</load_address>
         <run_address>0x142f4</run_address>
         <size>0x46</size>
         <input_file_ref idref="fl-6d"/>
      </object_component>
      <object_component id="oc-2ec">
         <name>.text:_pproc_fflags</name>
         <load_address>0x1433a</load_address>
         <run_address>0x1433a</run_address>
         <size>0x46</size>
         <input_file_ref idref="fl-65"/>
      </object_component>
      <object_component id="oc-447">
         <name>.text:frexp</name>
         <load_address>0x14380</load_address>
         <run_address>0x14380</run_address>
         <size>0x42</size>
         <input_file_ref idref="fl-80"/>
      </object_component>
      <object_component id="oc-465">
         <name>.text:minit</name>
         <load_address>0x143c2</load_address>
         <run_address>0x143c2</run_address>
         <size>0x42</size>
         <input_file_ref idref="fl-86"/>
      </object_component>
      <object_component id="oc-1de">
         <name>.text:rand</name>
         <load_address>0x14404</load_address>
         <run_address>0x14404</run_address>
         <size>0x40</size>
         <input_file_ref idref="fl-5a"/>
      </object_component>
      <object_component id="oc-559">
         <name>.text</name>
         <load_address>0x14444</load_address>
         <run_address>0x14444</run_address>
         <size>0x40</size>
         <input_file_ref idref="fl-92"/>
      </object_component>
      <object_component id="oc-215">
         <name>.text:sst25vf_RDID</name>
         <load_address>0x14484</load_address>
         <run_address>0x14484</run_address>
         <size>0x40</size>
         <input_file_ref idref="fl-4"/>
      </object_component>
      <object_component id="oc-508">
         <name>.text:incr_hex</name>
         <load_address>0x144c4</load_address>
         <run_address>0x144c4</run_address>
         <size>0x3e</size>
         <input_file_ref idref="fl-65"/>
      </object_component>
      <object_component id="oc-574">
         <name>.text:l_asr_const</name>
         <load_address>0x14502</load_address>
         <run_address>0x14502</run_address>
         <size>0x3e</size>
         <input_file_ref idref="fl-91"/>
      </object_component>
      <object_component id="oc-249">
         <name>.text:l_lsl_const</name>
         <load_address>0x14540</load_address>
         <run_address>0x14540</run_address>
         <size>0x3e</size>
         <input_file_ref idref="fl-53"/>
      </object_component>
      <object_component id="oc-2cc">
         <name>.text:l_lsr_const</name>
         <load_address>0x1457e</load_address>
         <run_address>0x1457e</run_address>
         <size>0x3e</size>
         <input_file_ref idref="fl-54"/>
      </object_component>
      <object_component id="oc-3cf">
         <name>.text:lseek</name>
         <load_address>0x145bc</load_address>
         <run_address>0x145bc</run_address>
         <size>0x3e</size>
         <input_file_ref idref="fl-61"/>
      </object_component>
      <object_component id="oc-32e">
         <name>.text:write</name>
         <load_address>0x145fa</load_address>
         <run_address>0x145fa</run_address>
         <size>0x3c</size>
         <input_file_ref idref="fl-61"/>
      </object_component>
      <object_component id="oc-278">
         <name>.text:SendFlashAddr</name>
         <load_address>0x14636</load_address>
         <run_address>0x14636</run_address>
         <size>0x3a</size>
         <input_file_ref idref="fl-3"/>
      </object_component>
      <object_component id="oc-551">
         <name>.text:__mspabi_sllll</name>
         <load_address>0x14670</load_address>
         <run_address>0x14670</run_address>
         <size>0x3a</size>
         <input_file_ref idref="fl-83"/>
      </object_component>
      <object_component id="oc-4a6">
         <name>.text:__mspabi_srlll</name>
         <load_address>0x146aa</load_address>
         <run_address>0x146aa</run_address>
         <size>0x3a</size>
         <input_file_ref idref="fl-83"/>
      </object_component>
      <object_component id="oc-653">
         <name>.text:signal</name>
         <load_address>0x146e4</load_address>
         <run_address>0x146e4</run_address>
         <size>0x38</size>
         <input_file_ref idref="fl-9d"/>
      </object_component>
      <object_component id="oc-591">
         <name>.text:_Feraise</name>
         <load_address>0x1471c</load_address>
         <run_address>0x1471c</run_address>
         <size>0x36</size>
         <input_file_ref idref="fl-8e"/>
      </object_component>
      <object_component id="oc-3e3">
         <name>.text:__TI_cleanup</name>
         <load_address>0x14752</load_address>
         <run_address>0x14752</run_address>
         <size>0x36</size>
         <input_file_ref idref="fl-7d"/>
      </object_component>
      <object_component id="oc-530">
         <name>.text:__TI_writemsg</name>
         <load_address>0x14788</load_address>
         <run_address>0x14788</run_address>
         <size>0x36</size>
         <input_file_ref idref="fl-6e"/>
      </object_component>
      <object_component id="oc-5e8">
         <name>.text:feraiseexcept</name>
         <load_address>0x147be</load_address>
         <run_address>0x147be</run_address>
         <size>0x34</size>
         <input_file_ref idref="fl-95"/>
      </object_component>
      <object_component id="oc-536">
         <name>.text:__TI_readmsg</name>
         <load_address>0x147f2</load_address>
         <run_address>0x147f2</run_address>
         <size>0x32</size>
         <input_file_ref idref="fl-6e"/>
      </object_component>
      <object_component id="oc-4cd">
         <name>.text:__mspabi_subd</name>
         <load_address>0x14824</load_address>
         <run_address>0x14824</run_address>
         <size>0x32</size>
         <input_file_ref idref="fl-6b"/>
      </object_component>
      <object_component id="oc-631">
         <name>.text:raise</name>
         <load_address>0x14856</load_address>
         <run_address>0x14856</run_address>
         <size>0x32</size>
         <input_file_ref idref="fl-9b"/>
      </object_component>
      <object_component id="oc-5f8">
         <name>.text:strncpy</name>
         <load_address>0x14888</load_address>
         <run_address>0x14888</run_address>
         <size>0x32</size>
         <input_file_ref idref="fl-6a"/>
      </object_component>
      <object_component id="oc-523">
         <name>.text:unlink</name>
         <load_address>0x148ba</load_address>
         <run_address>0x148ba</run_address>
         <size>0x30</size>
         <input_file_ref idref="fl-61"/>
      </object_component>
      <object_component id="oc-3a3">
         <name>.text:__mspabi_negd</name>
         <load_address>0x148ea</load_address>
         <run_address>0x148ea</run_address>
         <size>0x2e</size>
         <input_file_ref idref="fl-89"/>
      </object_component>
      <object_component id="oc-10e">
         <name>.text:exit</name>
         <load_address>0x14918</load_address>
         <run_address>0x14918</run_address>
         <size>0x2e</size>
         <input_file_ref idref="fl-3a"/>
      </object_component>
      <object_component id="oc-5fe">
         <name>.text:finddevice</name>
         <load_address>0x14946</load_address>
         <run_address>0x14946</run_address>
         <size>0x2e</size>
         <input_file_ref idref="fl-61"/>
      </object_component>
      <object_component id="oc-27e">
         <name>.text:WaitFlashReady</name>
         <load_address>0x14974</load_address>
         <run_address>0x14974</run_address>
         <size>0x2c</size>
         <input_file_ref idref="fl-3"/>
      </object_component>
      <object_component id="oc-20f">
         <name>.text:spiInit</name>
         <load_address>0x149a0</load_address>
         <run_address>0x149a0</run_address>
         <size>0x2a</size>
         <input_file_ref idref="fl-5"/>
      </object_component>
      <object_component id="oc-2c4">
         <name>.text:CMD_RDSCUR</name>
         <load_address>0x149ca</load_address>
         <run_address>0x149ca</run_address>
         <size>0x28</size>
         <input_file_ref idref="fl-3"/>
      </object_component>
      <object_component id="oc-2bd">
         <name>.text:CMD_RDSR</name>
         <load_address>0x149f2</load_address>
         <run_address>0x149f2</run_address>
         <size>0x28</size>
         <input_file_ref idref="fl-3"/>
      </object_component>
      <object_component id="oc-4d3">
         <name>.text:__mspabi_fixdi</name>
         <load_address>0x14a1a</load_address>
         <run_address>0x14a1a</run_address>
         <size>0x28</size>
         <input_file_ref idref="fl-79"/>
      </object_component>
      <object_component id="oc-260">
         <name>.text</name>
         <load_address>0x14a42</load_address>
         <run_address>0x14a42</run_address>
         <size>0x26</size>
         <input_file_ref idref="fl-64"/>
      </object_component>
      <object_component id="oc-8d">
         <name>.text:decompress:ZI:__TI_zero_init</name>
         <load_address>0x14a68</load_address>
         <run_address>0x14a68</run_address>
         <size>0x24</size>
         <input_file_ref idref="fl-39"/>
      </object_component>
      <object_component id="oc-21b">
         <name>.text:sst25vf_WRSR</name>
         <load_address>0x14a8c</load_address>
         <run_address>0x14a8c</run_address>
         <size>0x24</size>
         <input_file_ref idref="fl-4"/>
      </object_component>
      <object_component id="oc-502">
         <name>.text:val_hex</name>
         <load_address>0x14ab0</load_address>
         <run_address>0x14ab0</run_address>
         <size>0x20</size>
         <input_file_ref idref="fl-65"/>
      </object_component>
      <object_component id="oc-251">
         <name>.text:InsertDummyCycle</name>
         <load_address>0x14ad0</load_address>
         <run_address>0x14ad0</run_address>
         <size>0x1e</size>
         <input_file_ref idref="fl-3"/>
      </object_component>
      <object_component id="oc-34f">
         <name>.text:memccpy</name>
         <load_address>0x14aee</load_address>
         <run_address>0x14aee</run_address>
         <size>0x1e</size>
         <input_file_ref idref="fl-85"/>
      </object_component>
      <object_component id="oc-599">
         <name>.text:strchr</name>
         <load_address>0x14b0c</load_address>
         <run_address>0x14b0c</run_address>
         <size>0x1c</size>
         <input_file_ref idref="fl-67"/>
      </object_component>
      <object_component id="oc-63e">
         <name>.text:strcmp</name>
         <load_address>0x14b28</load_address>
         <run_address>0x14b28</run_address>
         <size>0x1c</size>
         <input_file_ref idref="fl-68"/>
      </object_component>
      <object_component id="oc-272">
         <name>.text:CMD_WREN</name>
         <load_address>0x14b44</load_address>
         <run_address>0x14b44</run_address>
         <size>0x16</size>
         <input_file_ref idref="fl-3"/>
      </object_component>
      <object_component id="oc-26c">
         <name>.text:IsFlash4Byte</name>
         <load_address>0x14b5a</load_address>
         <run_address>0x14b5a</run_address>
         <size>0x16</size>
         <input_file_ref idref="fl-3"/>
      </object_component>
      <object_component id="oc-322">
         <name>.text:memchr</name>
         <load_address>0x14b70</load_address>
         <run_address>0x14b70</run_address>
         <size>0x16</size>
         <input_file_ref idref="fl-62"/>
      </object_component>
      <object_component id="oc-1d2">
         <name>.text:memset</name>
         <load_address>0x14b86</load_address>
         <run_address>0x14b86</run_address>
         <size>0x16</size>
         <input_file_ref idref="fl-56"/>
      </object_component>
      <object_component id="oc-4ac">
         <name>.text</name>
         <load_address>0x14b9c</load_address>
         <run_address>0x14b9c</run_address>
         <size>0x16</size>
         <input_file_ref idref="fl-75"/>
      </object_component>
      <object_component id="oc-1d8">
         <name>.text:srand</name>
         <load_address>0x14bb2</load_address>
         <run_address>0x14bb2</run_address>
         <size>0x16</size>
         <input_file_ref idref="fl-5a"/>
      </object_component>
      <object_component id="oc-d6">
         <name>.text:memcpy</name>
         <load_address>0x14bc8</load_address>
         <run_address>0x14bc8</run_address>
         <size>0x14</size>
         <input_file_ref idref="fl-55"/>
      </object_component>
      <object_component id="oc-375">
         <name>.text</name>
         <load_address>0x14bdc</load_address>
         <run_address>0x14bdc</run_address>
         <size>0x14</size>
         <input_file_ref idref="fl-63"/>
      </object_component>
      <object_component id="oc-6b">
         <name>.text:decompress:none:__TI_decompress_none</name>
         <load_address>0x14bf0</load_address>
         <run_address>0x14bf0</run_address>
         <size>0x12</size>
         <input_file_ref idref="fl-37"/>
      </object_component>
      <object_component id="oc-542">
         <name>.text:strcpy</name>
         <load_address>0x14c02</load_address>
         <run_address>0x14c02</run_address>
         <size>0x12</size>
         <input_file_ref idref="fl-8b"/>
      </object_component>
      <object_component id="oc-397">
         <name>.text:toupper</name>
         <load_address>0x14c14</load_address>
         <run_address>0x14c14</run_address>
         <size>0x12</size>
         <input_file_ref idref="fl-6c"/>
      </object_component>
      <object_component id="oc-23d">
         <name>.text:GetByte</name>
         <load_address>0x14c26</load_address>
         <run_address>0x14c26</run_address>
         <size>0x10</size>
         <input_file_ref idref="fl-3"/>
      </object_component>
      <object_component id="oc-266">
         <name>.text:IsFlashBusy</name>
         <load_address>0x14c36</load_address>
         <run_address>0x14c36</run_address>
         <size>0x10</size>
         <input_file_ref idref="fl-3"/>
      </object_component>
      <object_component id="oc-612">
         <name>.text:l_asr</name>
         <load_address>0x14c46</load_address>
         <run_address>0x14c46</run_address>
         <size>0x10</size>
         <input_file_ref idref="fl-91"/>
      </object_component>
      <object_component id="oc-60d">
         <name>.text:l_lsl</name>
         <load_address>0x14c56</load_address>
         <run_address>0x14c56</run_address>
         <size>0x10</size>
         <input_file_ref idref="fl-53"/>
      </object_component>
      <object_component id="oc-54c">
         <name>.text:l_lsr</name>
         <load_address>0x14c66</load_address>
         <run_address>0x14c66</run_address>
         <size>0x10</size>
         <input_file_ref idref="fl-54"/>
      </object_component>
      <object_component id="oc-28e">
         <name>.text:spiSendByte</name>
         <load_address>0x14c76</load_address>
         <run_address>0x14c76</run_address>
         <size>0x10</size>
         <input_file_ref idref="fl-5"/>
      </object_component>
      <object_component id="oc-1a5">
         <name>.text:sst25vf_SetCurrentDevice</name>
         <load_address>0x14c86</load_address>
         <run_address>0x14c86</run_address>
         <size>0x10</size>
         <input_file_ref idref="fl-4"/>
      </object_component>
      <object_component id="oc-11c">
         <name>.text:main</name>
         <load_address>0x14c96</load_address>
         <run_address>0x14c96</run_address>
         <size>0xe</size>
         <input_file_ref idref="fl-2"/>
      </object_component>
      <object_component id="oc-221">
         <name>.text:sst25vf_CMD</name>
         <load_address>0x14ca4</load_address>
         <run_address>0x14ca4</run_address>
         <size>0xe</size>
         <input_file_ref idref="fl-4"/>
      </object_component>
      <object_component id="oc-2e6">
         <name>.text:strlen</name>
         <load_address>0x14cb2</load_address>
         <run_address>0x14cb2</run_address>
         <size>0xe</size>
         <input_file_ref idref="fl-69"/>
      </object_component>
      <object_component id="oc-168">
         <name>.text:Initial_Spi</name>
         <load_address>0x14cc0</load_address>
         <run_address>0x14cc0</run_address>
         <size>0xc</size>
         <input_file_ref idref="fl-3"/>
      </object_component>
      <object_component id="oc-50e">
         <name>.text:__mspabi_fltid</name>
         <load_address>0x14ccc</load_address>
         <run_address>0x14ccc</run_address>
         <size>0xc</size>
         <input_file_ref idref="fl-7b"/>
      </object_component>
      <object_component id="oc-237">
         <name>.text:SendByte</name>
         <load_address>0x14cd8</load_address>
         <run_address>0x14cd8</run_address>
         <size>0xa</size>
         <input_file_ref idref="fl-3"/>
      </object_component>
      <object_component id="oc-55e">
         <name>.text:abs</name>
         <load_address>0x14ce2</load_address>
         <run_address>0x14ce2</run_address>
         <size>0xa</size>
         <input_file_ref idref="fl-90"/>
      </object_component>
      <object_component id="oc-5de">
         <name>.text</name>
         <load_address>0x14cec</load_address>
         <run_address>0x14cec</run_address>
         <size>0xa</size>
         <input_file_ref idref="fl-98"/>
      </object_component>
      <object_component id="oc-5d9">
         <name>.text</name>
         <load_address>0x14cf6</load_address>
         <run_address>0x14cf6</run_address>
         <size>0xa</size>
         <input_file_ref idref="fl-99"/>
      </object_component>
      <object_component id="oc-231">
         <name>.text:sst_CE</name>
         <load_address>0x14d00</load_address>
         <run_address>0x14d00</run_address>
         <size>0x8</size>
         <input_file_ref idref="fl-4"/>
      </object_component>
      <object_component id="oc-2a0">
         <name>.text:_outc</name>
         <load_address>0x14d08</load_address>
         <run_address>0x14d08</run_address>
         <size>0x6</size>
         <input_file_ref idref="fl-59"/>
      </object_component>
      <object_component id="oc-71">
         <name>.text:decompress:rle24:__TI_decompress_rle24</name>
         <load_address>0x14d0e</load_address>
         <run_address>0x14d0e</run_address>
         <size>0x6</size>
         <input_file_ref idref="fl-38"/>
      </object_component>
      <object_component id="oc-243">
         <name>.text:sst_nCE</name>
         <load_address>0x14d14</load_address>
         <run_address>0x14d14</run_address>
         <size>0x6</size>
         <input_file_ref idref="fl-4"/>
      </object_component>
      <object_component id="oc-29a">
         <name>.text:_outs</name>
         <load_address>0x14d1a</load_address>
         <run_address>0x14d1a</run_address>
         <size>0x4</size>
         <input_file_ref idref="fl-59"/>
      </object_component>
      <object_component id="oc-fc">
         <name>.text:_system_pre_init</name>
         <load_address>0x14d1e</load_address>
         <run_address>0x14d1e</run_address>
         <size>0x4</size>
         <input_file_ref idref="fl-58"/>
      </object_component>
      <object_component id="oc-124">
         <name>.text:abort</name>
         <load_address>0x14d22</load_address>
         <run_address>0x14d22</run_address>
         <size>0x4</size>
         <input_file_ref idref="fl-3a"/>
      </object_component>
      <object_component id="oc-193">
         <name>.text:_nop</name>
         <load_address>0x14d26</load_address>
         <run_address>0x14d26</run_address>
         <size>0x2</size>
         <input_file_ref idref="fl-52"/>
      </object_component>
      <object_component id="oc-9f">
         <name>.text:_isr:_c_int00_noargs</name>
         <load_address>0x4400</load_address>
         <run_address>0x4400</run_address>
         <size>0x1c</size>
         <input_file_ref idref="fl-36"/>
      </object_component>
      <object_component id="oc-f0">
         <name>.text:_isr:__TI_ISR_TRAP</name>
         <load_address>0x441c</load_address>
         <run_address>0x441c</run_address>
         <size>0x6</size>
         <input_file_ref idref="fl-51"/>
      </object_component>
      <object_component id="oc-6dd">
         <name>.cinit..data.load</name>
         <load_address>0x45a6</load_address>
         <run_address>0x45a6</run_address>
         <size>0x8f</size>
      </object_component>
      <object_component id="oc-6da">
         <name>__TI_handler_table</name>
         <load_address>0x4636</load_address>
         <run_address>0x4636</run_address>
         <size>0xc</size>
      </object_component>
      <object_component id="oc-6dc">
         <name>.cinit..bss.load</name>
         <load_address>0x4642</load_address>
         <run_address>0x4642</run_address>
         <size>0x6</size>
      </object_component>
      <object_component id="oc-6de">
         <name>.cinit..cio.load</name>
         <load_address>0x4648</load_address>
         <run_address>0x4648</run_address>
         <size>0x6</size>
      </object_component>
      <object_component id="oc-6db">
         <name>__TI_cinit_table</name>
         <load_address>0x464e</load_address>
         <run_address>0x464e</run_address>
         <size>0x18</size>
      </object_component>
      <object_component id="oc-385">
         <name>.const:.string:_ctypes_</name>
         <load_address>0x4422</load_address>
         <run_address>0x4422</run_address>
         <size>0x101</size>
         <input_file_ref idref="fl-73"/>
      </object_component>
      <object_component id="oc-24e">
         <name>.const:.string</name>
         <load_address>0x4524</load_address>
         <run_address>0x4524</run_address>
         <size>0x48</size>
         <input_file_ref idref="fl-3"/>
      </object_component>
      <object_component id="oc-342">
         <name>.const:.string</name>
         <load_address>0x456c</load_address>
         <run_address>0x456c</run_address>
         <size>0x26</size>
         <input_file_ref idref="fl-65"/>
      </object_component>
      <object_component id="oc-227">
         <name>.const:.string</name>
         <load_address>0x4592</load_address>
         <run_address>0x4592</run_address>
         <size>0xa</size>
         <input_file_ref idref="fl-4"/>
      </object_component>
      <object_component id="oc-205">
         <name>.const:.string:CE_MAP</name>
         <load_address>0x459c</load_address>
         <run_address>0x459c</run_address>
         <size>0x8</size>
         <input_file_ref idref="fl-4"/>
      </object_component>
      <object_component id="oc-1b2">
         <name>.const</name>
         <load_address>0x45a4</load_address>
         <run_address>0x45a4</run_address>
         <size>0x2</size>
         <input_file_ref idref="fl-2"/>
      </object_component>
      <object_component id="oc-5af">
         <name>.cio</name>
         <uninitialized>true</uninitialized>
         <run_address>0x28b0</run_address>
         <size>0x120</size>
         <input_file_ref idref="fl-6e"/>
      </object_component>
      <object_component id="oc-77">
         <name>.int41</name>
         <load_address>0xffd2</load_address>
         <run_address>0xffd2</run_address>
         <size>0x2</size>
         <input_file_ref idref="fl-3b"/>
      </object_component>
      <object_component id="oc-78">
         <name>.int42</name>
         <load_address>0xffd4</load_address>
         <run_address>0xffd4</run_address>
         <size>0x2</size>
         <input_file_ref idref="fl-3c"/>
      </object_component>
      <object_component id="oc-79">
         <name>.int43</name>
         <load_address>0xffd6</load_address>
         <run_address>0xffd6</run_address>
         <size>0x2</size>
         <input_file_ref idref="fl-3d"/>
      </object_component>
      <object_component id="oc-7a">
         <name>.int44</name>
         <load_address>0xffd8</load_address>
         <run_address>0xffd8</run_address>
         <size>0x2</size>
         <input_file_ref idref="fl-3e"/>
      </object_component>
      <object_component id="oc-7b">
         <name>.int45</name>
         <load_address>0xffda</load_address>
         <run_address>0xffda</run_address>
         <size>0x2</size>
         <input_file_ref idref="fl-3f"/>
      </object_component>
      <object_component id="oc-7c">
         <name>.int46</name>
         <load_address>0xffdc</load_address>
         <run_address>0xffdc</run_address>
         <size>0x2</size>
         <input_file_ref idref="fl-40"/>
      </object_component>
      <object_component id="oc-7d">
         <name>.int47</name>
         <load_address>0xffde</load_address>
         <run_address>0xffde</run_address>
         <size>0x2</size>
         <input_file_ref idref="fl-41"/>
      </object_component>
      <object_component id="oc-7e">
         <name>.int48</name>
         <load_address>0xffe0</load_address>
         <run_address>0xffe0</run_address>
         <size>0x2</size>
         <input_file_ref idref="fl-42"/>
      </object_component>
      <object_component id="oc-7f">
         <name>.int49</name>
         <load_address>0xffe2</load_address>
         <run_address>0xffe2</run_address>
         <size>0x2</size>
         <input_file_ref idref="fl-43"/>
      </object_component>
      <object_component id="oc-80">
         <name>.int50</name>
         <load_address>0xffe4</load_address>
         <run_address>0xffe4</run_address>
         <size>0x2</size>
         <input_file_ref idref="fl-44"/>
      </object_component>
      <object_component id="oc-81">
         <name>.int51</name>
         <load_address>0xffe6</load_address>
         <run_address>0xffe6</run_address>
         <size>0x2</size>
         <input_file_ref idref="fl-45"/>
      </object_component>
      <object_component id="oc-82">
         <name>.int52</name>
         <load_address>0xffe8</load_address>
         <run_address>0xffe8</run_address>
         <size>0x2</size>
         <input_file_ref idref="fl-46"/>
      </object_component>
      <object_component id="oc-83">
         <name>.int53</name>
         <load_address>0xffea</load_address>
         <run_address>0xffea</run_address>
         <size>0x2</size>
         <input_file_ref idref="fl-47"/>
      </object_component>
      <object_component id="oc-84">
         <name>.int54</name>
         <load_address>0xffec</load_address>
         <run_address>0xffec</run_address>
         <size>0x2</size>
         <input_file_ref idref="fl-48"/>
      </object_component>
      <object_component id="oc-85">
         <name>.int55</name>
         <load_address>0xffee</load_address>
         <run_address>0xffee</run_address>
         <size>0x2</size>
         <input_file_ref idref="fl-49"/>
      </object_component>
      <object_component id="oc-86">
         <name>.int56</name>
         <load_address>0xfff0</load_address>
         <run_address>0xfff0</run_address>
         <size>0x2</size>
         <input_file_ref idref="fl-4a"/>
      </object_component>
      <object_component id="oc-87">
         <name>.int57</name>
         <load_address>0xfff2</load_address>
         <run_address>0xfff2</run_address>
         <size>0x2</size>
         <input_file_ref idref="fl-4b"/>
      </object_component>
      <object_component id="oc-88">
         <name>.int58</name>
         <load_address>0xfff4</load_address>
         <run_address>0xfff4</run_address>
         <size>0x2</size>
         <input_file_ref idref="fl-4c"/>
      </object_component>
      <object_component id="oc-89">
         <name>.int59</name>
         <load_address>0xfff6</load_address>
         <run_address>0xfff6</run_address>
         <size>0x2</size>
         <input_file_ref idref="fl-4d"/>
      </object_component>
      <object_component id="oc-8a">
         <name>.int60</name>
         <load_address>0xfff8</load_address>
         <run_address>0xfff8</run_address>
         <size>0x2</size>
         <input_file_ref idref="fl-4e"/>
      </object_component>
      <object_component id="oc-8b">
         <name>.int61</name>
         <load_address>0xfffa</load_address>
         <run_address>0xfffa</run_address>
         <size>0x2</size>
         <input_file_ref idref="fl-4f"/>
      </object_component>
      <object_component id="oc-8c">
         <name>.int62</name>
         <load_address>0xfffc</load_address>
         <run_address>0xfffc</run_address>
         <size>0x2</size>
         <input_file_ref idref="fl-50"/>
      </object_component>
      <object_component id="oc-d2">
         <name>.reset</name>
         <load_address>0xfffe</load_address>
         <run_address>0xfffe</run_address>
         <size>0x2</size>
         <input_file_ref idref="fl-35"/>
      </object_component>
      <object_component id="oc-15f">
         <name>.data:__TI_cleanup_ptr</name>
         <load_address>0x26b4</load_address>
         <run_address>0x26b4</run_address>
         <size>0x4</size>
         <input_file_ref idref="fl-35"/>
      </object_component>
      <object_component id="oc-15c">
         <name>.data:__TI_dtors_ptr</name>
         <load_address>0x26b8</load_address>
         <run_address>0x26b8</run_address>
         <size>0x4</size>
         <input_file_ref idref="fl-35"/>
      </object_component>
      <object_component id="oc-159">
         <name>.data:_lock</name>
         <load_address>0x26bc</load_address>
         <run_address>0x26bc</run_address>
         <size>0x4</size>
         <input_file_ref idref="fl-52"/>
      </object_component>
      <object_component id="oc-162">
         <name>.data:_unlock</name>
         <load_address>0x26c0</load_address>
         <run_address>0x26c0</run_address>
         <size>0x4</size>
         <input_file_ref idref="fl-52"/>
      </object_component>
      <object_component id="oc-25b">
         <name>.data</name>
         <load_address>0x26c4</load_address>
         <run_address>0x26c4</run_address>
         <size>0x4</size>
         <input_file_ref idref="fl-5a"/>
      </object_component>
      <object_component id="oc-297">
         <name>.data:_ftable</name>
         <load_address>0x2400</load_address>
         <run_address>0x2400</run_address>
         <size>0xc8</size>
         <input_file_ref idref="fl-5d"/>
      </object_component>
      <object_component id="oc-472">
         <name>.data</name>
         <load_address>0x26c8</load_address>
         <run_address>0x26c8</run_address>
         <size>0x2</size>
         <input_file_ref idref="fl-5d"/>
      </object_component>
      <object_component id="oc-3f7">
         <name>.data:_device</name>
         <load_address>0x25f8</load_address>
         <run_address>0x25f8</run_address>
         <size>0x78</size>
         <input_file_ref idref="fl-61"/>
      </object_component>
      <object_component id="oc-37a">
         <name>.data:_stream</name>
         <load_address>0x2670</load_address>
         <run_address>0x2670</run_address>
         <size>0x3c</size>
         <input_file_ref idref="fl-61"/>
      </object_component>
      <object_component id="oc-462">
         <name>.data</name>
         <load_address>0x26cc</load_address>
         <run_address>0x26cc</run_address>
         <size>0x2</size>
         <input_file_ref idref="fl-86"/>
      </object_component>
      <object_component id="oc-5e3">
         <name>.data</name>
         <load_address>0x2578</load_address>
         <run_address>0x2578</run_address>
         <size>0x80</size>
         <input_file_ref idref="fl-8f"/>
      </object_component>
      <object_component id="oc-5ee">
         <name>.data</name>
         <load_address>0x26ca</load_address>
         <run_address>0x26ca</run_address>
         <size>0x2</size>
         <input_file_ref idref="fl-93"/>
      </object_component>
      <object_component id="oc-62e">
         <name>.data</name>
         <load_address>0x26ac</load_address>
         <run_address>0x26ac</run_address>
         <size>0x8</size>
         <input_file_ref idref="fl-95"/>
      </object_component>
      <object_component id="oc-663">
         <name>.data:sigtable</name>
         <load_address>0x24c8</load_address>
         <run_address>0x24c8</run_address>
         <size>0xb0</size>
         <input_file_ref idref="fl-9d"/>
      </object_component>
      <object_component id="oc-1f7">
         <name>.debug_info</name>
         <load_address>0x0</load_address>
         <run_address>0x0</run_address>
         <size>0x2f3</size>
         <input_file_ref idref="fl-2"/>
      </object_component>
      <object_component id="oc-1b3">
         <name>.debug_info</name>
         <load_address>0x2f3</load_address>
         <run_address>0x2f3</run_address>
         <size>0xcc</size>
         <input_file_ref idref="fl-2"/>
      </object_component>
      <object_component id="oc-11d">
         <name>.debug_info</name>
         <load_address>0x3bf</load_address>
         <run_address>0x3bf</run_address>
         <size>0x138</size>
         <input_file_ref idref="fl-2"/>
      </object_component>
      <object_component id="oc-16f">
         <name>.debug_info</name>
         <load_address>0x4f7</load_address>
         <run_address>0x4f7</run_address>
         <size>0x1c6</size>
         <input_file_ref idref="fl-2"/>
      </object_component>
      <object_component id="oc-175">
         <name>.debug_info</name>
         <load_address>0x6bd</load_address>
         <run_address>0x6bd</run_address>
         <size>0x243</size>
         <input_file_ref idref="fl-2"/>
      </object_component>
      <object_component id="oc-1cd">
         <name>.debug_info</name>
         <load_address>0x900</load_address>
         <run_address>0x900</run_address>
         <size>0xaf</size>
         <input_file_ref idref="fl-2"/>
      </object_component>
      <object_component id="oc-132">
         <name>.debug_info</name>
         <load_address>0x9af</load_address>
         <run_address>0x9af</run_address>
         <size>0x84</size>
         <input_file_ref idref="fl-2"/>
      </object_component>
      <object_component id="oc-1c8">
         <name>.debug_info</name>
         <load_address>0xa33</load_address>
         <run_address>0xa33</run_address>
         <size>0x53</size>
[...]
         <object_component_ref idref="oc-2cc"/>
      </symbol>
      <symbol id="sm-5cc">
         <name>__mspabi_srll_14</name>
         <value>0x14582</value>
         <object_component_ref idref="oc-2cc"/>
      </symbol>
      <symbol id="sm-5cd">
         <name>__mspabi_srll_13</name>
         <value>0x14586</value>
         <object_component_ref idref="oc-2cc"/>
      </symbol>
      <symbol id="sm-5ce">
         <name>__mspabi_srll_12</name>
         <value>0x1458a</value>
         <object_component_ref idref="oc-2cc"/>
      </symbol>
      <symbol id="sm-5cf">
         <name>__mspabi_srll_11</name>
         <value>0x1458e</value>
         <object_component_ref idref="oc-2cc"/>
      </symbol>
      <symbol id="sm-5d0">
         <name>__mspabi_srll_10</name>
         <value>0x14592</value>
         <object_component_ref idref="oc-2cc"/>
      </symbol>
      <symbol id="sm-5d1">
         <name>__mspabi_srll</name>
         <value>0x14c66</value>
         <object_component_ref idref="oc-54c"/>
      </symbol>
      <symbol id="sm-5e4">
         <name>memcpy</name>
         <value>0x14bc8</value>
         <object_component_ref idref="oc-d6"/>
      </symbol>
      <symbol id="sm-5f2">
         <name>memset</name>
         <value>0x14b86</value>
         <object_component_ref idref="oc-1d2"/>
      </symbol>
      <symbol id="sm-5fc">
         <name>_system_pre_init</name>
         <value>0x14d1e</value>
         <object_component_ref idref="oc-fc"/>
      </symbol>
      <symbol id="sm-61f">
         <name>printf</name>
         <value>0x14262</value>
         <object_component_ref idref="oc-228"/>
      </symbol>
      <symbol id="sm-638">
         <name>rand</name>
         <value>0x14404</value>
         <object_component_ref idref="oc-1de"/>
      </symbol>
      <symbol id="sm-639">
         <name>srand</name>
         <value>0x14bb2</value>
         <object_component_ref idref="oc-1d8"/>
      </symbol>
      <symbol id="sm-657">
         <name>_auto_init_hold_wdt</name>
         <value>0x13f4a</value>
         <object_component_ref idref="oc-102"/>
      </symbol>
      <symbol id="sm-667">
         <name>__TI_tmpnams</name>
         <value>0x29d0</value>
      </symbol>
      <symbol id="sm-668">
         <name>_ftable</name>
         <value>0x2400</value>
         <object_component_ref idref="oc-297"/>
      </symbol>
      <symbol id="sm-669">
         <name>__TI_ft_end</name>
         <value>0x26c8</value>
         <object_component_ref idref="oc-472"/>
      </symbol>
      <symbol id="sm-67c">
         <name>putc</name>
         <value>0x135a4</value>
         <object_component_ref idref="oc-2df"/>
      </symbol>
      <symbol id="sm-67d">
         <name>fputc</name>
         <value>0x135a4</value>
         <object_component_ref idref="oc-2df"/>
      </symbol>
      <symbol id="sm-695">
         <name>fputs</name>
         <value>0x12cba</value>
         <object_component_ref idref="oc-2d8"/>
      </symbol>
      <symbol id="sm-6ad">
         <name>__TI_wrt_ok</name>
         <value>0x138ce</value>
         <object_component_ref idref="oc-31c"/>
      </symbol>
      <symbol id="sm-70a">
         <name>lseek</name>
         <value>0x145bc</value>
         <object_component_ref idref="oc-3cf"/>
      </symbol>
      <symbol id="sm-70b">
         <name>write</name>
         <value>0x145fa</value>
         <object_component_ref idref="oc-32e"/>
      </symbol>
      <symbol id="sm-70c">
         <name>close</name>
         <value>0x1406c</value>
         <object_component_ref idref="oc-51c"/>
      </symbol>
      <symbol id="sm-70d">
         <name>unlink</name>
         <value>0x148ba</value>
         <object_component_ref idref="oc-523"/>
      </symbol>
      <symbol id="sm-71c">
         <name>memchr</name>
         <value>0x14b70</value>
         <object_component_ref idref="oc-322"/>
      </symbol>
      <symbol id="sm-726">
         <name>__mspabi_mpyi_sw</name>
         <value>0x14bdc</value>
         <object_component_ref idref="oc-375"/>
      </symbol>
      <symbol id="sm-727">
         <name>__mspabi_mpyi</name>
         <value>0x14bdc</value>
         <object_component_ref idref="oc-375"/>
      </symbol>
      <symbol id="sm-731">
         <name>__mspabi_mpyl_sw</name>
         <value>0x14a42</value>
         <object_component_ref idref="oc-260"/>
      </symbol>
      <symbol id="sm-732">
         <name>__mspabi_mpyl</name>
         <value>0x14a42</value>
         <object_component_ref idref="oc-260"/>
      </symbol>
      <symbol id="sm-8fb">
         <name>__TI_printfi</name>
         <value>0x11d42</value>
         <object_component_ref idref="oc-2a6"/>
      </symbol>
      <symbol id="sm-913">
         <name>setvbuf</name>
         <value>0x12daa</value>
         <object_component_ref idref="oc-369"/>
      </symbol>
      <symbol id="sm-922">
         <name>strchr</name>
         <value>0x14b0c</value>
         <object_component_ref idref="oc-599"/>
      </symbol>
      <symbol id="sm-930">
         <name>strcmp</name>
         <value>0x14b28</value>
         <object_component_ref idref="oc-63e"/>
      </symbol>
      <symbol id="sm-93d">
         <name>strlen</name>
         <value>0x14cb2</value>
         <object_component_ref idref="oc-2e6"/>
      </symbol>
      <symbol id="sm-94d">
         <name>strncpy</name>
         <value>0x14888</value>
         <object_component_ref idref="oc-5f8"/>
      </symbol>
      <symbol id="sm-959">
         <name>__mspabi_subd</name>
         <value>0x14824</value>
         <object_component_ref idref="oc-4cd"/>
      </symbol>
      <symbol id="sm-966">
         <name>toupper</name>
         <value>0x14c14</value>
         <object_component_ref idref="oc-397"/>
      </symbol>
      <symbol id="sm-9a1">
         <name>HOSTrename</name>
         <value>0x13a3e</value>
         <object_component_ref idref="oc-49c"/>
      </symbol>
      <symbol id="sm-9a2">
         <name>HOSTclose</name>
         <value>0x14216</value>
         <object_component_ref idref="oc-47e"/>
      </symbol>
      <symbol id="sm-9a3">
         <name>HOSTunlink</name>
         <value>0x142f4</value>
         <object_component_ref idref="oc-496"/>
      </symbol>
      <symbol id="sm-9a4">
         <name>HOSTlseek</name>
         <value>0x13214</value>
         <object_component_ref idref="oc-490"/>
      </symbol>
      <symbol id="sm-9a5">
         <name>HOSTopen</name>
         <value>0x13c02</value>
         <object_component_ref idref="oc-478"/>
      </symbol>
      <symbol id="sm-9a6">
         <name>HOSTwrite</name>
         <value>0x13cdc</value>
         <object_component_ref idref="oc-48a"/>
      </symbol>
      <symbol id="sm-9a7">
         <name>HOSTread</name>
         <value>0x13db0</value>
         <object_component_ref idref="oc-484"/>
      </symbol>
      <symbol id="sm-9c5">
         <name>__TI_readmsg</name>
         <value>0x147f2</value>
         <object_component_ref idref="oc-536"/>
      </symbol>
      <symbol id="sm-9c6">
         <name>C$$IO$$</name>
         <value>0x147ba</value>
         <object_component_ref idref="oc-530"/>
      </symbol>
      <symbol id="sm-9c7">
         <name>_CIOBUF_</name>
         <value>0x28b0</value>
         <object_component_ref idref="oc-5af"/>
      </symbol>
      <symbol id="sm-9c8">
         <name>__TI_writemsg</name>
         <value>0x14788</value>
         <object_component_ref idref="oc-530"/>
      </symbol>
      <symbol id="sm-9d9">
         <name>_Dclass</name>
         <value>0x14178</value>
         <object_component_ref idref="oc-39d"/>
      </symbol>
      <symbol id="sm-a00">
         <name>__mspabi_addd</name>
         <value>0x10ad0</value>
         <object_component_ref idref="oc-568"/>
      </symbol>
      <symbol id="sm-a13">
         <name>atoi</name>
         <value>0x13fae</value>
         <object_component_ref idref="oc-33b"/>
      </symbol>
      <symbol id="sm-a30">
         <name>__mspabi_cmpd</name>
         <value>0x12e8a</value>
         <object_component_ref idref="oc-3c1"/>
      </symbol>
      <symbol id="sm-a3a">
         <name>_ctypes_</name>
         <value>0x4422</value>
         <object_component_ref idref="oc-385"/>
      </symbol>
      <symbol id="sm-a45">
         <name>__mspabi_remu</name>
         <value>0x14b9c</value>
         <object_component_ref idref="oc-4ac"/>
      </symbol>
      <symbol id="sm-a46">
         <name>__mspabi_divu</name>
         <value>0x14b9c</value>
         <object_component_ref idref="oc-4ac"/>
      </symbol>
      <symbol id="sm-a55">
         <name>__mspabi_remul</name>
         <value>0x14120</value>
         <object_component_ref idref="oc-4b1"/>
      </symbol>
      <symbol id="sm-a56">
         <name>__mspabi_divul</name>
         <value>0x14120</value>
         <object_component_ref idref="oc-4b1"/>
      </symbol>
      <symbol id="sm-a77">
         <name>__mspabi_divd</name>
         <value>0x114de</value>
         <object_component_ref idref="oc-440"/>
      </symbol>
      <symbol id="sm-a88">
         <name>__TI_doflush</name>
         <value>0x13ee6</value>
         <object_component_ref idref="oc-328"/>
      </symbol>
      <symbol id="sm-a98">
         <name>__mspabi_fixdi</name>
         <value>0x14a1a</value>
         <object_component_ref idref="oc-4d3"/>
      </symbol>
      <symbol id="sm-aaa">
         <name>__mspabi_fixdli</name>
         <value>0x13e80</value>
         <object_component_ref idref="oc-4d9"/>
      </symbol>
      <symbol id="sm-ab6">
         <name>__mspabi_fltid</name>
         <value>0x14ccc</value>
         <object_component_ref idref="oc-50e"/>
      </symbol>
      <symbol id="sm-ace">
         <name>__mspabi_fltlid</name>
         <value>0x133ec</value>
         <object_component_ref idref="oc-4c7"/>
      </symbol>
      <symbol id="sm-ada">
         <name>__TI_cleanup</name>
         <value>0x14752</value>
         <object_component_ref idref="oc-3e3"/>
      </symbol>
      <symbol id="sm-afb">
         <name>__TI_frcaddd</name>
         <value>0x1128c</value>
         <object_component_ref idref="oc-5c2"/>
      </symbol>
      <symbol id="sm-b16">
         <name>__TI_frcdivd</name>
         <value>0x10000</value>
         <object_component_ref idref="oc-4ec"/>
      </symbol>
      <symbol id="sm-b22">
         <name>frexp</name>
         <value>0x14380</value>
         <object_component_ref idref="oc-447"/>
      </symbol>
      <symbol id="sm-b32">
         <name>fseek</name>
         <value>0x13d46</value>
         <object_component_ref idref="oc-363"/>
      </symbol>
      <symbol id="sm-b42">
         <name>ldexp</name>
         <value>0x1374a</value>
         <object_component_ref idref="oc-4fc"/>
      </symbol>
      <symbol id="sm-b8a">
         <name>__mspabi_srlll</name>
         <value>0x146aa</value>
         <object_component_ref idref="oc-4a6"/>
      </symbol>
      <symbol id="sm-b8b">
         <name>__mspabi_sllll</name>
         <value>0x14670</value>
         <object_component_ref idref="oc-551"/>
      </symbol>
      <symbol id="sm-b8c">
         <name>__mspabi_divull</name>
         <value>0x10452</value>
         <object_component_ref idref="oc-4b6"/>
      </symbol>
      <symbol id="sm-b9b">
         <name>ltoa</name>
         <value>0x137d0</value>
         <object_component_ref idref="oc-4c1"/>
      </symbol>
      <symbol id="sm-baa">
         <name>memccpy</name>
         <value>0x14aee</value>
         <object_component_ref idref="oc-34f"/>
      </symbol>
      <symbol id="sm-bf5">
         <name>_sys_memory</name>
         <value>0x26d0</value>
         <object_component_ref idref="oc-d3"/>
      </symbol>
      <symbol id="sm-bf6">
         <name>free</name>
         <value>0x13634</value>
         <object_component_ref idref="oc-3d7"/>
      </symbol>
      <symbol id="sm-bf7">
         <name>malloc</name>
         <value>0x12f62</value>
         <object_component_ref idref="oc-3dd"/>
      </symbol>
      <symbol id="sm-bf8">
         <name>minit</name>
         <value>0x143c2</value>
         <object_component_ref idref="oc-465"/>
      </symbol>
      <symbol id="sm-c18">
         <name>__mspabi_mpyd</name>
         <value>0x10da8</value>
         <object_component_ref idref="oc-43a"/>
      </symbol>
      <symbol id="sm-c22">
         <name>__mspabi_negd</name>
         <value>0x148ea</value>
         <object_component_ref idref="oc-3a3"/>
      </symbol>
      <symbol id="sm-c36">
         <name>__TI_renormd</name>
         <value>0x1301c</value>
         <object_component_ref idref="oc-617"/>
      </symbol>
      <symbol id="sm-c43">
         <name>strcpy</name>
         <value>0x14c02</value>
         <object_component_ref idref="oc-542"/>
      </symbol>
      <symbol id="sm-c67">
         <name>_Dscale</name>
         <value>0x122ea</value>
         <object_component_ref idref="oc-58b"/>
      </symbol>
      <symbol id="sm-c79">
         <name>_Dunscale</name>
         <value>0x13ab2</value>
         <object_component_ref idref="oc-4f4"/>
      </symbol>
      <symbol id="sm-c85">
         <name>_Feraise</name>
         <value>0x1471c</value>
         <object_component_ref idref="oc-591"/>
      </symbol>
      <symbol id="sm-c8c">
         <name>_Rteps</name>
         <value>0x25d8</value>
         <object_component_ref idref="oc-5e3"/>
      </symbol>
      <symbol id="sm-c8d">
         <name>_Zero</name>
         <value>0x25f0</value>
         <object_component_ref idref="oc-5e3"/>
      </symbol>
      <symbol id="sm-c8e">
         <name>_Hugeval</name>
         <value>0x2598</value>
         <object_component_ref idref="oc-5e3"/>
      </symbol>
      <symbol id="sm-c8f">
         <name>_Snan</name>
         <value>0x25c8</value>
         <object_component_ref idref="oc-5e3"/>
      </symbol>
      <symbol id="sm-c90">
         <name>_Nan</name>
         <value>0x25b8</value>
         <object_component_ref idref="oc-5e3"/>
      </symbol>
      <symbol id="sm-c91">
         <name>_Inf</name>
         <value>0x25a8</value>
         <object_component_ref idref="oc-5e3"/>
      </symbol>
      <symbol id="sm-c92">
         <name>_Xbig</name>
         <value>0x25e8</value>
         <object_component_ref idref="oc-5e3"/>
      </symbol>
      <symbol id="sm-c93">
         <name>_Eps</name>
         <value>0x2588</value>
         <object_component_ref idref="oc-5e3"/>
      </symbol>
      <symbol id="sm-c94">
         <name>_Denorm</name>
         <value>0x2578</value>
         <object_component_ref idref="oc-5e3"/>
      </symbol>
      <symbol id="sm-ca1">
         <name>abs</name>
         <value>0x14ce2</value>
         <object_component_ref idref="oc-55e"/>
      </symbol>
      <symbol id="sm-cb1">
         <name>__mspabi_sral</name>
         <value>0x14c46</value>
         <object_component_ref idref="oc-612"/>
      </symbol>
      <symbol id="sm-cb2">
         <name>__mspabi_sral_15</name>
         <value>0x14502</value>
         <object_component_ref idref="oc-574"/>
      </symbol>
      <symbol id="sm-cb3">
         <name>__mspabi_sral_14</name>
         <value>0x14506</value>
         <object_component_ref idref="oc-574"/>
      </symbol>
      <symbol id="sm-cb4">
         <name>__mspabi_sral_13</name>
         <value>0x1450a</value>
         <object_component_ref idref="oc-574"/>
      </symbol>
      <symbol id="sm-cb5">
         <name>__mspabi_sral_12</name>
         <value>0x1450e</value>
         <object_component_ref idref="oc-574"/>
      </symbol>
      <symbol id="sm-cb6">
         <name>__mspabi_sral_11</name>
         <value>0x14512</value>
         <object_component_ref idref="oc-574"/>
      </symbol>
      <symbol id="sm-cb7">
         <name>__mspabi_sral_10</name>
         <value>0x14516</value>
         <object_component_ref idref="oc-574"/>
      </symbol>
      <symbol id="sm-cb8">
         <name>__mspabi_sral_8</name>
         <value>0x1451e</value>
         <object_component_ref idref="oc-574"/>
      </symbol>
      <symbol id="sm-cb9">
         <name>__mspabi_sral_9</name>
         <value>0x1451a</value>
         <object_component_ref idref="oc-574"/>
      </symbol>
      <symbol id="sm-cba">
         <name>__mspabi_sral_6</name>
         <value>0x14526</value>
         <object_component_ref idref="oc-574"/>
      </symbol>
      <symbol id="sm-cbb">
         <name>__mspabi_sral_7</name>
         <value>0x14522</value>
         <object_component_ref idref="oc-574"/>
      </symbol>
      <symbol id="sm-cbc">
         <name>__mspabi_sral_4</name>
         <value>0x1452e</value>
         <object_component_ref idref="oc-574"/>
      </symbol>
      <symbol id="sm-cbd">
         <name>__mspabi_sral_5</name>
         <value>0x1452a</value>
         <object_component_ref idref="oc-574"/>
      </symbol>
      <symbol id="sm-cbe">
         <name>__mspabi_sral_2</name>
         <value>0x14536</value>
         <object_component_ref idref="oc-574"/>
      </symbol>
      <symbol id="sm-cbf">
         <name>__mspabi_sral_3</name>
         <value>0x14532</value>
         <object_component_ref idref="oc-574"/>
      </symbol>
      <symbol id="sm-cc0">
         <name>__mspabi_sral_1</name>
         <value>0x1453a</value>
         <object_component_ref idref="oc-574"/>
      </symbol>
      <symbol id="sm-ccd">
         <name>__mspabi_remli</name>
         <value>0x14444</value>
         <object_component_ref idref="oc-559"/>
      </symbol>
      <symbol id="sm-cce">
         <name>__mspabi_divli</name>
         <value>0x14444</value>
         <object_component_ref idref="oc-559"/>
      </symbol>
      <symbol id="sm-cd5">
         <name>_Errno</name>
         <value>0x26ca</value>
         <object_component_ref idref="oc-5ee"/>
      </symbol>
      <symbol id="sm-ce6">
         <name>__TI_closefile</name>
         <value>0x13b24</value>
         <object_component_ref idref="oc-46c"/>
      </symbol>
      <symbol id="sm-cfe">
         <name>feraiseexcept</name>
         <value>0x147be</value>
         <object_component_ref idref="oc-5e8"/>
      </symbol>
      <symbol id="sm-cff">
         <name>_Tls_setup__Fenv</name>
         <value>0x26b0</value>
         <object_component_ref idref="oc-62e"/>
      </symbol>
      <symbol id="sm-d00">
         <name>_Fenv</name>
         <value>0x26ac</value>
         <object_component_ref idref="oc-62e"/>
      </symbol>
      <symbol id="sm-d11">
         <name>__TI_frcmpyd</name>
         <value>0x107ec</value>
         <object_component_ref idref="oc-4e4"/>
      </symbol>
      <symbol id="sm-d1b">
         <name>__mspabi_slli</name>
         <value>0x14cec</value>
         <object_component_ref idref="oc-5de"/>
      </symbol>
      <symbol id="sm-d24">
         <name>__mspabi_srli</name>
         <value>0x14cf6</value>
         <object_component_ref idref="oc-5d9"/>
      </symbol>
      <symbol id="sm-d39">
         <name>raise</name>
         <value>0x14856</value>
         <object_component_ref idref="oc-631"/>
      </symbol>
      <symbol id="sm-d4f">
         <name>signal</name>
         <value>0x146e4</value>
         <object_component_ref idref="oc-653"/>
      </symbol>
      <symbol id="sm-d62">
         <name>_Dnorm</name>
         <value>0x128c6</value>
         <object_component_ref idref="oc-581"/>
      </symbol>
      <symbol id="sm-d64">
         <name>__TI_INITARRAY_Base</name>
         <value>0x0</value>
      </symbol>
      <symbol id="sm-d65">
         <name>__TI_INITARRAY_Limit</name>
         <value>0x0</value>
      </symbol>
      <symbol id="sm-d66">
         <name>CS_Low</name>
         <value>0x14d00</value>
      </symbol>
      <symbol id="sm-d67">
         <name>CS_High</name>
         <value>0x14d14</value>
      </symbol>
      <symbol id="sm-d68">
         <name>remove</name>
         <value>0x148ba</value>
      </symbol>
   </symbol_table>
   <title>Link successful</title>
</link_info>
